Archive member included to satisfy reference by file (symbol)

c:/program files (x86)/gnu arm embedded toolchain/10 2021.10/bin/../lib/gcc/arm-none-eabi/10.3.1/thumb/v8-m.main+fp/hard\libgcc.a(_arm_muldf3.o)
                              ./src/drivers/hs300x/hs300x.o (__aeabi_dmul)
c:/program files (x86)/gnu arm embedded toolchain/10 2021.10/bin/../lib/gcc/arm-none-eabi/10.3.1/thumb/v8-m.main+fp/hard\libgcc.a(_arm_addsubdf3.o)
                              ./src/drivers/hs300x/hs300x.o (__aeabi_dsub)
c:/program files (x86)/gnu arm embedded toolchain/10 2021.10/bin/../lib/gcc/arm-none-eabi/10.3.1/thumb/v8-m.main+fp/hard\libgcc.a(_arm_muldivdf3.o)
                              ./src/drivers/hs300x/hs300x.o (__aeabi_ddiv)
c:/program files (x86)/gnu arm embedded toolchain/10 2021.10/bin/../lib/gcc/arm-none-eabi/10.3.1/thumb/v8-m.main+fp/hard\libgcc.a(_arm_fixunsdfsi.o)
                              ./src/audio/OpenPDMFilter.o (__aeabi_d2uiz)
c:/program files (x86)/gnu arm embedded toolchain/10 2021.10/bin/../lib/gcc/arm-none-eabi/10.3.1/thumb/v8-m.main+fp/hard\libgcc.a(_arm_truncdfsf2.o)
                              ./src/drivers/hs300x/hs300x.o (__aeabi_d2f)
c:/program files (x86)/gnu arm embedded toolchain/10 2021.10/bin/../lib/gcc/arm-none-eabi/10.3.1/thumb/v8-m.main+fp/hard\libgcc.a(_aeabi_ldivmod.o)
                              ./src/audio/OpenPDMFilter.o (__aeabi_ldivmod)
c:/program files (x86)/gnu arm embedded toolchain/10 2021.10/bin/../lib/gcc/arm-none-eabi/10.3.1/thumb/v8-m.main+fp/hard\libgcc.a(_aeabi_uldivmod.o)
                              ./src/audio/OpenPDMFilter.o (__aeabi_uldivmod)
c:/program files (x86)/gnu arm embedded toolchain/10 2021.10/bin/../lib/gcc/arm-none-eabi/10.3.1/thumb/v8-m.main+fp/hard\libgcc.a(_udivmoddi4.o)
                              c:/program files (x86)/gnu arm embedded toolchain/10 2021.10/bin/../lib/gcc/arm-none-eabi/10.3.1/thumb/v8-m.main+fp/hard\libgcc.a(_aeabi_ldivmod.o) (__udivmoddi4)
c:/program files (x86)/gnu arm embedded toolchain/10 2021.10/bin/../lib/gcc/arm-none-eabi/10.3.1/thumb/v8-m.main+fp/hard\libgcc.a(_dvmd_tls.o)
                              c:/program files (x86)/gnu arm embedded toolchain/10 2021.10/bin/../lib/gcc/arm-none-eabi/10.3.1/thumb/v8-m.main+fp/hard\libgcc.a(_aeabi_ldivmod.o) (__aeabi_ldiv0)
c:/program files (x86)/gnu arm embedded toolchain/10 2021.10/bin/../lib/gcc/arm-none-eabi/10.3.1/../../../../arm-none-eabi/lib/thumb/v8-m.main+fp/hard\libg_nano.a(lib_a-errno.o)
                              ./ra/fsp/src/bsp/mcu/all/bsp_sbrk.o (__errno)
c:/program files (x86)/gnu arm embedded toolchain/10 2021.10/bin/../lib/gcc/arm-none-eabi/10.3.1/../../../../arm-none-eabi/lib/thumb/v8-m.main+fp/hard\libg_nano.a(lib_a-exit.o)
                              c:/program files (x86)/gnu arm embedded toolchain/10 2021.10/bin/../lib/gcc/arm-none-eabi/10.3.1/../../../../arm-none-eabi/lib/thumb/v8-m.main+fp/hard/rdimon-crt0.o (exit)
c:/program files (x86)/gnu arm embedded toolchain/10 2021.10/bin/../lib/gcc/arm-none-eabi/10.3.1/../../../../arm-none-eabi/lib/thumb/v8-m.main+fp/hard\libg_nano.a(lib_a-impure.o)
                              c:/program files (x86)/gnu arm embedded toolchain/10 2021.10/bin/../lib/gcc/arm-none-eabi/10.3.1/../../../../arm-none-eabi/lib/thumb/v8-m.main+fp/hard\libg_nano.a(lib_a-exit.o) (_global_impure_ptr)
c:/program files (x86)/gnu arm embedded toolchain/10 2021.10/bin/../lib/gcc/arm-none-eabi/10.3.1/../../../../arm-none-eabi/lib/thumb/v8-m.main+fp/hard\libg_nano.a(lib_a-init.o)
                              c:/program files (x86)/gnu arm embedded toolchain/10 2021.10/bin/../lib/gcc/arm-none-eabi/10.3.1/../../../../arm-none-eabi/lib/thumb/v8-m.main+fp/hard/rdimon-crt0.o (__libc_init_array)
c:/program files (x86)/gnu arm embedded toolchain/10 2021.10/bin/../lib/gcc/arm-none-eabi/10.3.1/../../../../arm-none-eabi/lib/thumb/v8-m.main+fp/hard\libg_nano.a(lib_a-memcpy-stub.o)
                              ./ra/fsp/src/r_usb_basic/src/driver/r_usb_pdriver.o (memcpy)
c:/program files (x86)/gnu arm embedded toolchain/10 2021.10/bin/../lib/gcc/arm-none-eabi/10.3.1/../../../../arm-none-eabi/lib/thumb/v8-m.main+fp/hard\libg_nano.a(lib_a-memset.o)
                              c:/program files (x86)/gnu arm embedded toolchain/10 2021.10/bin/../lib/gcc/arm-none-eabi/10.3.1/../../../../arm-none-eabi/lib/thumb/v8-m.main+fp/hard/rdimon-crt0.o (memset)
c:/program files (x86)/gnu arm embedded toolchain/10 2021.10/bin/../lib/gcc/arm-none-eabi/10.3.1/../../../../arm-none-eabi/lib/thumb/v8-m.main+fp/hard\libg_nano.a(lib_a-snprintf.o)
                              ./src/common/panic.o (snprintf)
c:/program files (x86)/gnu arm embedded toolchain/10 2021.10/bin/../lib/gcc/arm-none-eabi/10.3.1/../../../../arm-none-eabi/lib/thumb/v8-m.main+fp/hard\libg_nano.a(lib_a-strlen.o)
                              ./src/common/trace/trace.o (strlen)
[...]
Memory Configuration

Name             Origin             Length             Attributes
FLASH            0x00000000         0x00200000         xr
RAM              0x20000000         0x00080000         xrw
DATA_FLASH       0x08000000         0x00002000         xr
QSPI_FLASH       0x60000000         0x04000000         xr
OSPI_DEVICE_0    0x68000000         0x08000000         xr
OSPI_DEVICE_1    0x70000000         0x10000000         xr
OSPI_DEVICE_0_RAM 0x68000000         0x08000000         xrw
OSPI_DEVICE_1_RAM 0x70000000         0x10000000         xrw
SDRAM            0x90000000         0x00000000         xrw
OPTION_SETTING   0x0100a100         0x00000100         r
OPTION_SETTING_S 0x0100a200         0x00000100         r
ID_CODE          0x00000000         0x00000000         xr
*default*        0x00000000         0xffffffff

Linker script and memory map

LOAD c:/program files (x86)/gnu arm embedded toolchain/10 2021.10/bin/../lib/gcc/arm-none-eabi/10.3.1/thumb/v8-m.main+fp/hard/crti.o
LOAD c:/program files (x86)/gnu arm embedded toolchain/10 2021.10/bin/../lib/gcc/arm-none-eabi/10.3.1/thumb/v8-m.main+fp/hard/crtbegin.o
LOAD c:/program files (x86)/gnu arm embedded toolchain/10 2021.10/bin/../lib/gcc/arm-none-eabi/10.3.1/../../../../arm-none-eabi/lib/thumb/v8-m.main+fp/hard/rdimon-crt0.o
START GROUP
LOAD ./src/led/led.o
LOAD ./src/led/led_action.o
LOAD ./src/drivers/hs300x/hs300x.o
LOAD ./src/drivers/bno055/sf_bno055.o
LOAD ./src/comms/usb/r_usb_pcdc_descriptor.o
LOAD ./src/comms/usb/usb_comms.o
LOAD ./src/comms/uart/comms.o
LOAD ./src/common/trace/trace.o
LOAD ./src/common/threads_sync/threads_sync.o
LOAD ./src/common/panic.o
LOAD ./src/common/version.o
LOAD ./src/audio/OpenPDMFilter.o
LOAD ./src/fault_handlers.o
LOAD ./src/hal_entry.o
LOAD ./src/main_thread_entry.o
LOAD ./src/sensors_thread_entry.o
LOAD ./ra_gen/common_data.o
LOAD ./ra_gen/hal_data.o
LOAD ./ra_gen/main.o
LOAD ./ra_gen/main_thread.o
LOAD ./ra_gen/pin_data.o
LOAD ./ra_gen/sensors_thread.o
LOAD ./ra_gen/vector_data.o
LOAD ./ra/fsp/src/rm_freertos_port/port.o
LOAD ./ra/fsp/src/r_usb_pcdc/src/r_usb_pcdc_driver.o
LOAD ./ra/fsp/src/r_usb_basic/src/hw/r_usb_creg_abs.o
LOAD ./ra/fsp/src/r_usb_basic/src/hw/r_usb_creg_access.o
LOAD ./ra/fsp/src/r_usb_basic/src/hw/r_usb_dma.o
LOAD ./ra/fsp/src/r_usb_basic/src/hw/r_usb_hostelectrical.o
LOAD ./ra/fsp/src/r_usb_basic/src/hw/r_usb_hreg_abs.o
LOAD ./ra/fsp/src/r_usb_basic/src/hw/r_usb_hreg_access.o
LOAD ./ra/fsp/src/r_usb_basic/src/hw/r_usb_mcu.o
LOAD ./ra/fsp/src/r_usb_basic/src/hw/r_usb_preg_abs.o
LOAD ./ra/fsp/src/r_usb_basic/src/hw/r_usb_preg_access.o
LOAD ./ra/fsp/src/r_usb_basic/src/driver/r_usb_cdataio.o
LOAD ./ra/fsp/src/r_usb_basic/src/driver/r_usb_clibusbip.o
LOAD ./ra/fsp/src/r_usb_basic/src/driver/r_usb_cstd_rtos.o
LOAD ./ra/fsp/src/r_usb_basic/src/driver/r_usb_hbc.o
LOAD ./ra/fsp/src/r_usb_basic/src/driver/r_usb_hcontrolrw.o
LOAD ./ra/fsp/src/r_usb_basic/src/driver/r_usb_hdriver.o
LOAD ./ra/fsp/src/r_usb_basic/src/driver/r_usb_hhubsys.o
LOAD ./ra/fsp/src/r_usb_basic/src/driver/r_usb_hintfifo.o
LOAD ./ra/fsp/src/r_usb_basic/src/driver/r_usb_hinthandler_usbip0.o
LOAD ./ra/fsp/src/r_usb_basic/src/driver/r_usb_hinthandler_usbip1.o
LOAD ./ra/fsp/src/r_usb_basic/src/driver/r_usb_hlibusbip.o
LOAD ./ra/fsp/src/r_usb_basic/src/driver/r_usb_hmanager.o
LOAD ./ra/fsp/src/r_usb_basic/src/driver/r_usb_hscheduler.o
LOAD ./ra/fsp/src/r_usb_basic/src/driver/r_usb_hsignal.o
LOAD ./ra/fsp/src/r_usb_basic/src/driver/r_usb_hstdfunction.o
LOAD ./ra/fsp/src/r_usb_basic/src/driver/r_usb_pbc.o
LOAD ./ra/fsp/src/r_usb_basic/src/driver/r_usb_pcontrolrw.o
LOAD ./ra/fsp/src/r_usb_basic/src/driver/r_usb_pdriver.o
LOAD ./ra/fsp/src/r_usb_basic/src/driver/r_usb_pintfifo.o
LOAD ./ra/fsp/src/r_usb_basic/src/driver/r_usb_pinthandler_usbip0.o
LOAD ./ra/fsp/src/r_usb_basic/src/driver/r_usb_plibusbip.o
LOAD ./ra/fsp/src/r_usb_basic/src/driver/r_usb_psignal.o
LOAD ./ra/fsp/src/r_usb_basic/src/driver/r_usb_pstdfunction.o
LOAD ./ra/fsp/src/r_usb_basic/src/driver/r_usb_pstdrequest.o
LOAD ./ra/fsp/src/r_usb_basic/r_usb_basic.o
LOAD ./ra/fsp/src/r_sci_uart/r_sci_uart.o
LOAD ./ra/fsp/src/r_sci_i2c/r_sci_i2c.o
LOAD ./ra/fsp/src/r_ioport/r_ioport.o
LOAD ./ra/fsp/src/r_iic_master/r_iic_master.o
LOAD ./ra/fsp/src/r_icu/r_icu.o
LOAD ./ra/fsp/src/r_flash_hp/r_flash_hp.o
LOAD ./ra/fsp/src/r_crc/r_crc.o
LOAD ./ra/fsp/src/bsp/mcu/all/bsp_clocks.o
LOAD ./ra/fsp/src/bsp/mcu/all/bsp_common.o
LOAD ./ra/fsp/src/bsp/mcu/all/bsp_delay.o
LOAD ./ra/fsp/src/bsp/mcu/all/bsp_group_irq.o
LOAD ./ra/fsp/src/bsp/mcu/all/bsp_guard.o
LOAD ./ra/fsp/src/bsp/mcu/all/bsp_io.o
LOAD ./ra/fsp/src/bsp/mcu/all/bsp_irq.o
LOAD ./ra/fsp/src/bsp/mcu/all/bsp_register_protection.o
LOAD ./ra/fsp/src/bsp/mcu/all/bsp_rom_registers.o
LOAD ./ra/fsp/src/bsp/mcu/all/bsp_sbrk.o
LOAD ./ra/fsp/src/bsp/mcu/all/bsp_security.o
LOAD ./ra/fsp/src/bsp/cmsis/Device/RENESAS/Source/startup.o
LOAD ./ra/fsp/src/bsp/cmsis/Device/RENESAS/Source/system.o
LOAD ./ra/aws/amazon-freertos/freertos_kernel/portable/MemMang/heap_4.o
LOAD ./ra/aws/amazon-freertos/freertos_kernel/event_groups.o
LOAD ./ra/aws/amazon-freertos/freertos_kernel/list.o
LOAD ./ra/aws/amazon-freertos/freertos_kernel/queue.o
LOAD ./ra/aws/amazon-freertos/freertos_kernel/stream_buffer.o
LOAD ./ra/aws/amazon-freertos/freertos_kernel/tasks.o
LOAD ./ra/aws/amazon-freertos/freertos_kernel/timers.o
END GROUP
START GROUP
LOAD c:/program files (x86)/gnu arm embedded toolchain/10 2021.10/bin/../lib/gcc/arm-none-eabi/10.3.1/thumb/v8-m.main+fp/hard\libgcc.a
LOAD c:/program files (x86)/gnu arm embedded toolchain/10 2021.10/bin/../lib/gcc/arm-none-eabi/10.3.1/../../../../arm-none-eabi/lib/thumb/v8-m.main+fp/hard\libg_nano.a
LOAD c:/program files (x86)/gnu arm embedded toolchain/10 2021.10/bin/../lib/gcc/arm-none-eabi/10.3.1/../../../../arm-none-eabi/lib/thumb/v8-m.main+fp/hard\libc_nano.a
END GROUP
START GROUP
LOAD c:/program files (x86)/gnu arm embedded toolchain/10 2021.10/bin/../lib/gcc/arm-none-eabi/10.3.1/thumb/v8-m.main+fp/hard\libgcc.a
LOAD c:/program files (x86)/gnu arm embedded toolchain/10 2021.10/bin/../lib/gcc/arm-none-eabi/10.3.1/../../../../arm-none-eabi/lib/thumb/v8-m.main+fp/hard\libc_nano.a
LOAD c:/program files (x86)/gnu arm embedded toolchain/10 2021.10/bin/../lib/gcc/arm-none-eabi/10.3.1/../../../../arm-none-eabi/lib/thumb/v8-m.main+fp/hard\librdimon_nano.a
END GROUP
START GROUP
LOAD c:/program files (x86)/gnu arm embedded toolchain/10 2021.10/bin/../lib/gcc/arm-none-eabi/10.3.1/thumb/v8-m.main+fp/hard\libgcc.a
LOAD c:/program files (x86)/gnu arm embedded toolchain/10 2021.10/bin/../lib/gcc/arm-none-eabi/10.3.1/../../../../arm-none-eabi/lib/thumb/v8-m.main+fp/hard\libc_nano.a
LOAD c:/program files (x86)/gnu arm embedded toolchain/10 2021.10/bin/../lib/gcc/arm-none-eabi/10.3.1/../../../../arm-none-eabi/lib/thumb/v8-m.main+fp/hard\librdimon_nano.a
END GROUP
LOAD c:/program files (x86)/gnu arm embedded toolchain/10 2021.10/bin/../lib/gcc/arm-none-eabi/10.3.1/thumb/v8-m.main+fp/hard/crtend.o
LOAD c:/program files (x86)/gnu arm embedded toolchain/10 2021.10/bin/../lib/gcc/arm-none-eabi/10.3.1/thumb/v8-m.main+fp/hard/crtn.o
                0x20000000                RAM_START = 0x20000000
                0x00080000                RAM_LENGTH = 0x80000
                0x00000000                FLASH_START = 0x0
                0x00200000                FLASH_LENGTH = 0x200000
                0x08000000                DATA_FLASH_START = 0x8000000
                0x00002000                DATA_FLASH_LENGTH = 0x2000
                0x0100a100                OPTION_SETTING_START = 0x100a100
                0x00000100                OPTION_SETTING_LENGTH = 0x100
                0x0100a200                OPTION_SETTING_S_START = 0x100a200
                0x00000100                OPTION_SETTING_S_LENGTH = 0x100
                0x00000000                ID_CODE_START = 0x0
                0x00000000                ID_CODE_LENGTH = 0x0
                0x90000000                SDRAM_START = 0x90000000
                0x00000000                SDRAM_LENGTH = 0x0
                0x60000000                QSPI_FLASH_START = 0x60000000
                0x04000000                QSPI_FLASH_LENGTH = 0x4000000
                0x68000000                OSPI_DEVICE_0_START = 0x68000000
                0x08000000                OSPI_DEVICE_0_LENGTH = 0x8000000
                0x70000000                OSPI_DEVICE_1_START = 0x70000000
                0x10000000                OSPI_DEVICE_1_LENGTH = 0x10000000
                0x04000000                QSPI_FLASH_PRV_LENGTH = DEFINED (QSPI_FLASH_SIZE)?ABSOLUTE (QSPI_FLASH_SIZE):ABSOLUTE (QSPI_FLASH_LENGTH)
                0x08000000                OSPI_DEVICE_0_PRV_LENGTH = DEFINED (OSPI_DEVICE_0_SIZE)?ABSOLUTE (OSPI_DEVICE_0_SIZE):ABSOLUTE (OSPI_DEVICE_0_LENGTH)
                0x10000000                OSPI_DEVICE_1_PRV_LENGTH = DEFINED (OSPI_DEVICE_1_SIZE)?ABSOLUTE (OSPI_DEVICE_1_SIZE):ABSOLUTE (OSPI_DEVICE_1_LENGTH)
                0x00000000                __RESERVE_NS_RAM = ((! (DEFINED (PROJECT_NONSECURE)) && DEFINED (RAM_NS_BUFFER_LENGTH)) && (OPTION_SETTING_S_LENGTH != 0x0))
                0x00000000                RAM_NS_BUFFER_BLOCK_LENGTH = DEFINED (RAM_NS_BUFFER_LENGTH)?ALIGN (RAM_NS_BUFFER_LENGTH, 0x2000):0x0
                0x00000000                RAM_NS_BUFFER_LENGTH = DEFINED (RAM_NS_BUFFER_LENGTH)?RAM_NS_BUFFER_LENGTH:0x0
                0x20080000                RAM_NS_BUFFER_START = ((RAM_START + RAM_LENGTH) - RAM_NS_BUFFER_LENGTH)
                0x20080000                RAM_NS_BUFFER_BLOCK_START = ((RAM_START + RAM_LENGTH) - RAM_NS_BUFFER_BLOCK_LENGTH)
                0x0100a180                OPTION_SETTING_START_NS = 0x100a180
                0x00000001                __bl_FSP_BOOTABLE_IMAGE = 0x1
                0x00000001                __bln_FSP_BOOTABLE_IMAGE = 0x1
                0x00000001                PROJECT_SECURE_OR_FLAT = ((! (DEFINED (PROJECT_NONSECURE)) && OPTION_SETTING_LENGTH) && ! (DEFINED (FSP_BOOTABLE_IMAGE)))
                0x00000000                USE_OPTION_SETTING_NS = (DEFINED (PROJECT_NONSECURE) && ! (DEFINED (FSP_BOOTABLE_IMAGE)))
                0x00000000                __bl_FLASH_IMAGE_START = ! (DEFINED (FLASH_BOOTLOADER_LENGTH))?0x0:(FLASH_APPLICATION_IMAGE_NUMBER == 0x1)?(FLASH_BOOTLOADER_LENGTH + FLASH_BOOTLOADER_HEADER_LENGTH):(((FLASH_BOOTLOADER_LENGTH + FLASH_BOOTLOADER_SCRATCH_LENGTH) + FLASH_APPLICATION_S_LENGTH) + FLASH_BOOTLOADER_HEADER_LENGTH)
                0x00000000                __bl_FLASH_IMAGE_LENGTH = ! (DEFINED (FLASH_BOOTLOADER_LENGTH))?0x0:(FLASH_APPLICATION_S_LENGTH - FLASH_BOOTLOADER_HEADER_LENGTH)
                0x00000000                __bl_FLASH_IMAGE_END = (__bl_FLASH_IMAGE_START + __bl_FLASH_IMAGE_LENGTH)
                0x00000000                __bl_XIP_SECONDARY_FLASH_IMAGE_START = ! (DEFINED (FLASH_BOOTLOADER_LENGTH))?0x0:((FLASH_BOOTLOADER_LENGTH + FLASH_APPLICATION_S_LENGTH) + FLASH_BOOTLOADER_HEADER_LENGTH)
                0x00000000                __bl_XIP_SECONDARY_FLASH_IMAGE_END = (__bl_XIP_SECONDARY_FLASH_IMAGE_START + __bl_FLASH_IMAGE_LENGTH)
                0x00000000                __bl_FLASH_NS_START = ! (DEFINED (FLASH_BOOTLOADER_LENGTH))?0x0:(FLASH_APPLICATION_NS_LENGTH == 0x0)?__bl_FLASH_IMAGE_END:((__bl_FLASH_IMAGE_START - FLASH_BOOTLOADER_HEADER_LENGTH) + FLASH_APPLICATION_S_LENGTH)
                0x00000000                __bl_FLASH_NSC_START = ! (DEFINED (FLASH_BOOTLOADER_LENGTH))?0x0:(FLASH_APPLICATION_NS_LENGTH == 0x0)?__bl_FLASH_IMAGE_END:(__bl_FLASH_NS_START - FLASH_APPLICATION_NSC_LENGTH)
                0x00000000                __bl_RAM_NS_START = ! (DEFINED (FLASH_BOOTLOADER_LENGTH))?0x0:(FLASH_APPLICATION_NS_LENGTH == 0x0)?(RAM_START + RAM_LENGTH):((RAM_START + RAM_LENGTH) - RAM_APPLICATION_NS_LENGTH)
                0x00000000                __bl_RAM_NSC_START = ! (DEFINED (FLASH_BOOTLOADER_LENGTH))?0x0:(FLASH_APPLICATION_NS_LENGTH == 0x0)?(RAM_START + RAM_LENGTH):(__bl_RAM_NS_START - RAM_APPLICATION_NSC_LENGTH)
                0x00000000                __bl_FLASH_NS_IMAGE_START = ! (DEFINED (FLASH_BOOTLOADER_LENGTH))?0x0:(FLASH_APPLICATION_NS_LENGTH == 0x0)?__bl_FLASH_IMAGE_END:(__bl_FLASH_NS_START + FLASH_BOOTLOADER_HEADER_LENGTH_2)
                0x00000000                __bln_FLASH_IMAGE_START = __bl_FLASH_NS_IMAGE_START
                0x00000000                __bln_FLASH_IMAGE_LENGTH = ! (DEFINED (FLASH_BOOTLOADER_LENGTH))?0x0:(FLASH_APPLICATION_NS_LENGTH == 0x0)?__bl_FLASH_IMAGE_END:(FLASH_APPLICATION_NS_LENGTH - FLASH_BOOTLOADER_HEADER_LENGTH_2)
                0x00000000                XIP_SECONDARY_SLOT_IMAGE = DEFINED (XIP_SECONDARY_SLOT_IMAGE)?XIP_SECONDARY_SLOT_IMAGE:0x0
                0x00000000                FLASH_ORIGIN = ! (DEFINED (FLASH_IMAGE_START))?FLASH_START:(XIP_SECONDARY_SLOT_IMAGE == 0x1)?XIP_SECONDARY_FLASH_IMAGE_START:FLASH_IMAGE_START
                0x00200000                LIMITED_FLASH_LENGTH = DEFINED (FLASH_IMAGE_LENGTH)?FLASH_IMAGE_LENGTH:DEFINED (FLASH_BOOTLOADER_LENGTH)?FLASH_BOOTLOADER_LENGTH:FLASH_LENGTH
START GROUP
LOAD c:/program files (x86)/gnu arm embedded toolchain/10 2021.10/bin/../lib/gcc/arm-none-eabi/10.3.1/thumb/v8-m.main+fp/hard\libgcc.a
LOAD c:/program files (x86)/gnu arm embedded toolchain/10 2021.10/bin/../lib/gcc/arm-none-eabi/10.3.1/../../../../arm-none-eabi/lib/thumb/v8-m.main+fp/hard\libc.a
LOAD c:/program files (x86)/gnu arm embedded toolchain/10 2021.10/bin/../lib/gcc/arm-none-eabi/10.3.1/../../../../arm-none-eabi/lib/thumb/v8-m.main+fp/hard\libm.a
LOAD c:/program files (x86)/gnu arm embedded toolchain/10 2021.10/bin/../lib/gcc/arm-none-eabi/10.3.1/../../../../arm-none-eabi/lib/thumb/v8-m.main+fp/hard\libnosys.a
END GROUP

.text           0x00000000     0xc02c
                0x00000000                __tz_FLASH_S = ABSOLUTE (FLASH_START)
                0x00000000                __ROM_Start = .
 *(.fixed_vectors*)
 .fixed_vectors
                0x00000000       0x40 ./ra/fsp/src/bsp/cmsis/Device/RENESAS/Source/startup.o
                0x00000000                __Vectors
 *(.application_vectors*)
 .application_vectors
                0x00000040      0x180 ./ra_gen/vector_data.o
                0x00000040                g_vector_table
                0x000001c0                __Vectors_End = .
                0x000001c0                . = (OPTION_SETTING_LENGTH > 0x0)?.:(__ROM_Start + 0x400)
 *(.rom_registers*)
                0x000001c0                . = (OPTION_SETTING_LENGTH > 0x0)?.:(__ROM_Start + 0x500)
                0x00000200                . = ALIGN (0x80)
 *fill*         0x000001c0       0x40 ff
 *(.mcuboot_sce9_key*)
 *(.text*)
 .text          0x00000200       0x40 c:/program files (x86)/gnu arm embedded toolchain/10 2021.10/bin/../lib/gcc/arm-none-eabi/10.3.1/thumb/v8-m.main+fp/hard/crtbegin.o
 .text.Hs300x_Open
                0x00000240       0x14 ./src/drivers/hs300x/hs300x.o
                0x00000240                Hs300x_Open
 *fill*         0x00000254        0x4 ff
 .text.Hs300x_GetMeasure
                0x00000258      0x150 ./src/drivers/hs300x/hs300x.o
                0x00000258                Hs300x_GetMeasure
 .text.SF_BNO055_VersionGet
                0x000003a8        0x4 ./src/drivers/bno055/sf_bno055.o
                0x000003a8                SF_BNO055_VersionGet
 .text.SF_BNO055_writeRegister.constprop.0
                0x000003ac       0x7c ./src/drivers/bno055/sf_bno055.o
 .text.SF_BNO055_Close
                0x00000428       0x28 ./src/drivers/bno055/sf_bno055.o
                0x00000428                SF_BNO055_Close
 .text.SF_BNO055_initDevice
                0x00000450       0xa4 ./src/drivers/bno055/sf_bno055.o
 .text.SF_BNO055_Open
                0x000004f4       0xcc ./src/drivers/bno055/sf_bno055.o
                0x000004f4                SF_BNO055_Open
 .text.SF_BNO055_Reset
                0x000005c0       0x38 ./src/drivers/bno055/sf_bno055.o
                0x000005c0                SF_BNO055_Reset
 .text.SF_BNO055_ReadTemperature
                0x000005f8       0x64 ./src/drivers/bno055/sf_bno055.o
                0x000005f8                SF_BNO055_ReadTemperature
 .text.SF_BNO055_ReadQuaternions
                0x0000065c       0xe0 ./src/drivers/bno055/sf_bno055.o
                0x0000065c                SF_BNO055_ReadQuaternions
 .text.SF_BNO055_ReadMagnetometer
                0x0000073c       0xa8 ./src/drivers/bno055/sf_bno055.o
                0x0000073c                SF_BNO055_ReadMagnetometer
 .text.SF_BNO055_ReadAccelerometer
                0x000007e4       0xa8 ./src/drivers/bno055/sf_bno055.o
                0x000007e4                SF_BNO055_ReadAccelerometer
 .text.SF_BNO055_ReadGyroscope
                0x0000088c       0xa8 ./src/drivers/bno055/sf_bno055.o
                0x0000088c                SF_BNO055_ReadGyroscope
 .text.SF_BNO055_ReadEulerAngles
                0x00000934       0xbc ./src/drivers/bno055/sf_bno055.o
                0x00000934                SF_BNO055_ReadEulerAngles
 .text.usb_cdc_rtos_callback
                0x000009f0       0xe4 ./src/comms/usb/usb_comms.o
                0x000009f0                usb_cdc_rtos_callback
 .text.comms_open
                0x00000ad4       0x44 ./src/comms/usb/usb_comms.o
                0x00000ad4                comms_open
 .text.comms_send_low
                0x00000b18       0x60 ./src/comms/usb/usb_comms.o
                0x00000b18                comms_send_low
 .text.comms_send
                0x00000b78       0x90 ./src/comms/usb/usb_comms.o
                0x00000b78                comms_send
 .text.comms_read
                0x00000c08       0x64 ./src/comms/usb/usb_comms.o
                0x00000c08                comms_read
 .text.Trace_build
                0x00000c6c       0x44 ./src/common/trace/trace.o
                0x00000c6c                Trace_build
 .text.Trace_write
                0x00000cb0       0xac ./src/common/trace/trace.o
                0x00000cb0                Trace_write
 .text.Trace_printf
                0x00000d5c       0x40 ./src/common/trace/trace.o
                0x00000d5c                Trace_printf
 .text.uart_trace_cbk
                0x00000d9c       0x2c ./src/common/trace/trace.o
                0x00000d9c                uart_trace_cbk
 .text.ThreadsSync_Open
                0x00000dc8       0x18 ./src/common/threads_sync/threads_sync.o
                0x00000dc8                ThreadsSync_Open
 .text.panic    0x00000de0       0x20 ./src/common/panic.o
                0x00000de0                panic
 .text.Version_getInfoStr
                0x00000e00       0x10 ./src/common/version.o
                0x00000e00                Version_getInfoStr
 .text.HardFault_Handler
                0x00000e10       0x10 ./src/fault_handlers.o
                0x00000e10                HardFault_Handler
 .text.MemManage_Handler
                0x00000e20       0x10 ./src/fault_handlers.o
                0x00000e20                MemManage_Handler
 .text.BusFault_Handler
                0x00000e30       0x10 ./src/fault_handlers.o
                0x00000e30                BusFault_Handler
 .text.UsageFault_Handler
                0x00000e40       0x10 ./src/fault_handlers.o
                0x00000e40                UsageFault_Handler
 .text.SecureFault_Handler
                0x00000e50       0x10 ./src/fault_handlers.o
                0x00000e50                SecureFault_Handler
 .text.R_BSP_WarmStart
                0x00000e60       0x24 ./src/hal_entry.o
                0x00000e60                R_BSP_WarmStart
 .text.external_irq_button_callback
                0x00000e84       0x18 ./src/hal_entry.o
                0x00000e84                external_irq_button_callback
 .text.led_on   0x00000e9c       0x1c ./src/hal_entry.o
                0x00000e9c                led_on
 .text.led_off  0x00000eb8       0x1c ./src/hal_entry.o
                0x00000eb8                led_off
 .text.led_toggle
                0x00000ed4       0x38 ./src/hal_entry.o
                0x00000ed4                led_toggle
 .text.button_init
                0x00000f0c       0x20 ./src/hal_entry.o
                0x00000f0c                button_init
 .text.main_thread_entry
                0x00000f2c       0xcc ./src/main_thread_entry.o
                0x00000f2c                main_thread_entry
 .text.i2c_mst_init_communication
                0x00000ff8       0x70 ./src/sensors_thread_entry.o
                0x00000ff8                i2c_mst_init_communication
 .text.sensors_thread_entry
                0x00001068      0x214 ./src/sensors_thread_entry.o
                0x00001068                sensors_thread_entry
 .text.i2c_mst_write
                0x0000127c       0x54 ./src/sensors_thread_entry.o
                0x0000127c                i2c_mst_write
 .text.i2c_mst_read
                0x000012d0       0x54 ./src/sensors_thread_entry.o
                0x000012d0                i2c_mst_read
 .text.riic_i2c_master_callback
                0x00001324       0x68 ./src/sensors_thread_entry.o
                0x00001324                riic_i2c_master_callback
 .text.g_common_init
                0x0000138c       0x5c ./ra_gen/common_data.o
                0x0000138c                g_common_init
 .text.g_hal_init
                0x000013e8        0x4 ./ra_gen/hal_data.o
                0x000013e8                g_hal_init
 .text.rtos_startup_err_callback_internal
                0x000013ec        0x4 ./ra_gen/main.o
                0x000013ec                rtos_startup_err_callback
                0x000013ec                rtos_startup_err_callback_internal
 .text.rtos_startup_common_init
                0x000013f0       0x68 ./ra_gen/main.o
                0x000013f0                rtos_startup_common_init
 .text.startup.main
                0x00001458       0x48 ./ra_gen/main.o
                0x00001458                main
 .text.vApplicationGetIdleTaskMemory
                0x000014a0       0x1c ./ra_gen/main.o
                0x000014a0                vApplicationGetIdleTaskMemory
 .text.vApplicationGetTimerTaskMemory
                0x000014bc       0x1c ./ra_gen/main.o
                0x000014bc                vApplicationGetTimerTaskMemory
 .text.main_thread_func
                0x000014d8       0x18 ./ra_gen/main_thread.o
 .text.main_thread_create
                0x000014f0       0x58 ./ra_gen/main_thread.o
                0x000014f0                main_thread_create
 .text.sensors_thread_func
                0x00001548       0x18 ./ra_gen/sensors_thread.o
 .text.sensors_thread_create
                0x00001560       0x58 ./ra_gen/sensors_thread.o
                0x00001560                sensors_thread_create
 .text.prvTaskExitError
                0x000015b8        0x4 ./ra/fsp/src/rm_freertos_port/port.o
 .text.SVC_Handler
                0x000015bc       0x18 ./ra/fsp/src/rm_freertos_port/port.o
                0x000015bc                SVC_Handler
 .text.PendSV_Handler
                0x000015d4       0x44 ./ra/fsp/src/rm_freertos_port/port.o
                0x000015d4                PendSV_Handler
 .text.rm_freertos_port_restore_task_stackless
                0x00001618       0x24 ./ra/fsp/src/rm_freertos_port/port.o
                0x00001618                rm_freertos_port_restore_task_stackless
 .text.SysTick_Handler
                0x0000163c       0x24 ./ra/fsp/src/rm_freertos_port/port.o
                0x0000163c                SysTick_Handler
 .text.vPortSVCHandler_C
                0x00001660       0x24 ./ra/fsp/src/rm_freertos_port/port.o
                0x00001660                vPortSVCHandler_C
 .text.pxPortInitialiseStack
                0x00001684       0x38 ./ra/fsp/src/rm_freertos_port/port.o
                0x00001684                pxPortInitialiseStack
 .text.vPortEnterCritical
                0x000016bc       0x44 ./ra/fsp/src/rm_freertos_port/port.o
                0x000016bc                vPortEnterCritical
 .text.vPortExitCritical
                0x00001700       0x34 ./ra/fsp/src/rm_freertos_port/port.o
                0x00001700                vPortExitCritical
 .text.vPortSetupTimerInterrupt
                0x00001734       0x44 ./ra/fsp/src/rm_freertos_port/port.o
                0x00001734                vPortSetupTimerInterrupt
 .text.xPortStartScheduler
                0x00001778       0x3c ./ra/fsp/src/rm_freertos_port/port.o
                0x00001778                xPortStartScheduler
 .text.vPortValidateInterruptPriority
                0x000017b4       0x2c ./ra/fsp/src/rm_freertos_port/port.o
                0x000017b4                vPortValidateInterruptPriority
 .text.usb_pcdc_read_complete
                0x000017e0       0x78 ./ra/fsp/src/r_usb_pcdc/src/r_usb_pcdc_driver.o
                0x000017e0                usb_pcdc_read_complete
 .text.usb_pcdc_write_complete
                0x00001858       0x60 ./ra/fsp/src/r_usb_pcdc/src/r_usb_pcdc_driver.o
                0x00001858                usb_pcdc_write_complete
 .text.usb_cstd_get_buf_size
                0x000018b8       0x4c ./ra/fsp/src/r_usb_basic/src/hw/r_usb_creg_abs.o
                0x000018b8                usb_cstd_get_buf_size
 .text.usb_cstd_pipe_init
                0x00001904      0x178 ./ra/fsp/src/r_usb_basic/src/hw/r_usb_creg_abs.o
                0x00001904                usb_cstd_pipe_init
 .text.usb_cstd_clr_pipe_cnfg
                0x00001a7c       0xe4 ./ra/fsp/src/r_usb_basic/src/hw/r_usb_creg_abs.o
                0x00001a7c                usb_cstd_clr_pipe_cnfg
 .text.usb_cstd_set_nak
                0x00001b60       0x28 ./ra/fsp/src/r_usb_basic/src/hw/r_usb_creg_abs.o
                0x00001b60                usb_cstd_set_nak
 .text.usb_cstd_is_set_frdy
                0x00001b88       0x5c ./ra/fsp/src/r_usb_basic/src/hw/r_usb_creg_abs.o
                0x00001b88                usb_cstd_is_set_frdy
 .text.usb_cstd_chg_curpipe
                0x00001be4       0x2c ./ra/fsp/src/r_usb_basic/src/hw/r_usb_creg_abs.o
                0x00001be4                usb_cstd_chg_curpipe
 .text.usb_cstd_set_transaction_counter
                0x00001c10       0x28 ./ra/fsp/src/r_usb_basic/src/hw/r_usb_creg_abs.o
                0x00001c10                usb_cstd_set_transaction_counter
 .text.usb_cstd_clr_transaction_counter
                0x00001c38       0x18 ./ra/fsp/src/r_usb_basic/src/hw/r_usb_creg_abs.o
                0x00001c38                usb_cstd_clr_transaction_counter
 .text.hw_usb_read_syscfg
                0x00001c50       0x34 ./ra/fsp/src/r_usb_basic/src/hw/r_usb_creg_access.o
                0x00001c50                hw_usb_read_syscfg
 .text.hw_usb_set_cnen
                0x00001c84       0x18 ./ra/fsp/src/r_usb_basic/src/hw/r_usb_creg_access.o
                0x00001c84                hw_usb_set_cnen
 .text.hw_usb_clear_cnen
                0x00001c9c       0x30 ./ra/fsp/src/r_usb_basic/src/hw/r_usb_creg_access.o
                0x00001c9c                hw_usb_clear_cnen
 .text.hw_usb_set_hse
                0x00001ccc       0x2c ./ra/fsp/src/r_usb_basic/src/hw/r_usb_creg_access.o
                0x00001ccc                hw_usb_set_hse
 .text.hw_usb_read_syssts
                0x00001cf8       0x34 ./ra/fsp/src/r_usb_basic/src/hw/r_usb_creg_access.o
                0x00001cf8                hw_usb_read_syssts
 .text.hw_usb_read_dvstctr
                0x00001d2c       0x34 ./ra/fsp/src/r_usb_basic/src/hw/r_usb_creg_access.o
                0x00001d2c                hw_usb_read_dvstctr
 .text.hw_usb_set_utst
                0x00001d60       0x24 ./ra/fsp/src/r_usb_basic/src/hw/r_usb_creg_access.o
                0x00001d60                hw_usb_set_utst
 .text.hw_usb_read_fifo32
                0x00001d84       0x2c ./ra/fsp/src/r_usb_basic/src/hw/r_usb_creg_access.o
                0x00001d84                hw_usb_read_fifo32
 .text.hw_usb_write_fifo32
                0x00001db0       0x28 ./ra/fsp/src/r_usb_basic/src/hw/r_usb_creg_access.o
                0x00001db0                hw_usb_write_fifo32
 .text.hw_usb_read_fifo16
                0x00001dd8       0x34 ./ra/fsp/src/r_usb_basic/src/hw/r_usb_creg_access.o
                0x00001dd8                hw_usb_read_fifo16
 .text.hw_usb_write_fifo16
                0x00001e0c       0x5c ./ra/fsp/src/r_usb_basic/src/hw/r_usb_creg_access.o
                0x00001e0c                hw_usb_write_fifo16
 .text.hw_usb_write_fifo8
                0x00001e68       0x5c ./ra/fsp/src/r_usb_basic/src/hw/r_usb_creg_access.o
                0x00001e68                hw_usb_write_fifo8
 .text.hw_usb_read_fifosel
                0x00001ec4       0x6c ./ra/fsp/src/r_usb_basic/src/hw/r_usb_creg_access.o
                0x00001ec4                hw_usb_read_fifosel
 .text.hw_usb_rmw_fifosel
                0x00001f30       0x84 ./ra/fsp/src/r_usb_basic/src/hw/r_usb_creg_access.o
                0x00001f30                hw_usb_rmw_fifosel
 .text.hw_usb_set_mbw
                0x00001fb4       0x8c ./ra/fsp/src/r_usb_basic/src/hw/r_usb_creg_access.o
                0x00001fb4                hw_usb_set_mbw
 .text.hw_usb_read_fifoctr
                0x00002040       0x74 ./ra/fsp/src/r_usb_basic/src/hw/r_usb_creg_access.o
                0x00002040                hw_usb_read_fifoctr
 .text.hw_usb_set_bval
                0x000020b4       0x70 ./ra/fsp/src/r_usb_basic/src/hw/r_usb_creg_access.o
                0x000020b4                hw_usb_set_bval
 .text.hw_usb_set_bclr
                0x00002124       0x78 ./ra/fsp/src/r_usb_basic/src/hw/r_usb_creg_access.o
                0x00002124                hw_usb_set_bclr
 .text.hw_usb_set_brdyenb
                0x0000219c       0x38 ./ra/fsp/src/r_usb_basic/src/hw/r_usb_creg_access.o
                0x0000219c                hw_usb_set_brdyenb
 .text.hw_usb_clear_brdyenb
                0x000021d4       0x3c ./ra/fsp/src/r_usb_basic/src/hw/r_usb_creg_access.o
                0x000021d4                hw_usb_clear_brdyenb
 .text.hw_usb_set_nrdyenb
                0x00002210       0x38 ./ra/fsp/src/r_usb_basic/src/hw/r_usb_creg_access.o
                0x00002210                hw_usb_set_nrdyenb
 .text.hw_usb_clear_nrdyenb
                0x00002248       0x3c ./ra/fsp/src/r_usb_basic/src/hw/r_usb_creg_access.o
                0x00002248                hw_usb_clear_nrdyenb
 .text.hw_usb_set_bempenb
                0x00002284       0x60 ./ra/fsp/src/r_usb_basic/src/hw/r_usb_creg_access.o
                0x00002284                hw_usb_set_bempenb
 .text.hw_usb_clear_bempenb
                0x000022e4       0x3c ./ra/fsp/src/r_usb_basic/src/hw/r_usb_creg_access.o
                0x000022e4                hw_usb_clear_bempenb
 .text.hw_usb_read_intsts
                0x00002320       0x20 ./ra/fsp/src/r_usb_basic/src/hw/r_usb_creg_access.o
                0x00002320                hw_usb_read_intsts
 .text.hw_usb_clear_sts_brdy
                0x00002340       0x48 ./ra/fsp/src/r_usb_basic/src/hw/r_usb_creg_access.o
                0x00002340                hw_usb_clear_sts_brdy
 .text.hw_usb_clear_status_nrdy
                0x00002388       0x48 ./ra/fsp/src/r_usb_basic/src/hw/r_usb_creg_access.o
                0x00002388                hw_usb_clear_status_nrdy
 .text.hw_usb_clear_status_bemp
                0x000023d0       0x48 ./ra/fsp/src/r_usb_basic/src/hw/r_usb_creg_access.o
                0x000023d0                hw_usb_clear_status_bemp
 .text.hw_usb_read_frmnum
                0x00002418       0x38 ./ra/fsp/src/r_usb_basic/src/hw/r_usb_creg_access.o
                0x00002418                hw_usb_read_frmnum
 .text.hw_usb_read_usbreq
                0x00002450       0x20 ./ra/fsp/src/r_usb_basic/src/hw/r_usb_creg_access.o
                0x00002450                hw_usb_read_usbreq
 .text.hw_usb_read_usbval
                0x00002470       0x20 ./ra/fsp/src/r_usb_basic/src/hw/r_usb_creg_access.o
                0x00002470                hw_usb_read_usbval
 .text.hw_usb_read_usbindx
                0x00002490       0x20 ./ra/fsp/src/r_usb_basic/src/hw/r_usb_creg_access.o
                0x00002490                hw_usb_read_usbindx
 .text.hw_usb_read_usbleng
                0x000024b0       0x20 ./ra/fsp/src/r_usb_basic/src/hw/r_usb_creg_access.o
                0x000024b0                hw_usb_read_usbleng
 .text.hw_usb_read_dcpcfg
                0x000024d0       0x38 ./ra/fsp/src/r_usb_basic/src/hw/r_usb_creg_access.o
                0x000024d0                hw_usb_read_dcpcfg
 .text.hw_usb_write_dcpcfg
                0x00002508       0x30 ./ra/fsp/src/r_usb_basic/src/hw/r_usb_creg_access.o
                0x00002508                hw_usb_write_dcpcfg
 .text.hw_usb_read_dcpmaxp
                0x00002538       0x38 ./ra/fsp/src/r_usb_basic/src/hw/r_usb_creg_access.o
                0x00002538                hw_usb_read_dcpmaxp
 .text.hw_usb_write_dcpmxps
                0x00002570       0x30 ./ra/fsp/src/r_usb_basic/src/hw/r_usb_creg_access.o
                0x00002570                hw_usb_write_dcpmxps
 .text.hw_usb_read_dcpctr
                0x000025a0       0x20 ./ra/fsp/src/r_usb_basic/src/hw/r_usb_creg_access.o
                0x000025a0                hw_usb_read_dcpctr
 .text.hw_usb_write_pipesel
                0x000025c0       0x30 ./ra/fsp/src/r_usb_basic/src/hw/r_usb_creg_access.o
                0x000025c0                hw_usb_write_pipesel
 .text.hw_usb_read_pipecfg
                0x000025f0       0x38 ./ra/fsp/src/r_usb_basic/src/hw/r_usb_creg_access.o
                0x000025f0                hw_usb_read_pipecfg
 .text.hw_usb_write_pipecfg
                0x00002628       0x30 ./ra/fsp/src/r_usb_basic/src/hw/r_usb_creg_access.o
                0x00002628                hw_usb_write_pipecfg
 .text.hw_usb_write_pipebuf
                0x00002658       0x24 ./ra/fsp/src/r_usb_basic/src/hw/r_usb_creg_access.o
                0x00002658                hw_usb_write_pipebuf
 .text.hw_usb_read_pipebuf
                0x0000267c       0x2c ./ra/fsp/src/r_usb_basic/src/hw/r_usb_creg_access.o
                0x0000267c                hw_usb_read_pipebuf
 .text.hw_usb_read_pipemaxp
                0x000026a8       0x38 ./ra/fsp/src/r_usb_basic/src/hw/r_usb_creg_access.o
                0x000026a8                hw_usb_read_pipemaxp
 .text.hw_usb_write_pipemaxp
                0x000026e0       0x30 ./ra/fsp/src/r_usb_basic/src/hw/r_usb_creg_access.o
                0x000026e0                hw_usb_write_pipemaxp
 .text.hw_usb_write_pipeperi
                0x00002710       0x30 ./ra/fsp/src/r_usb_basic/src/hw/r_usb_creg_access.o
                0x00002710                hw_usb_write_pipeperi
 .text.hw_usb_read_pipectr
                0x00002740       0x68 ./ra/fsp/src/r_usb_basic/src/hw/r_usb_creg_access.o
                0x00002740                hw_usb_read_pipectr
 .text.hw_usb_set_csclr
                0x000027a8       0x3c ./ra/fsp/src/r_usb_basic/src/hw/r_usb_creg_access.o
                0x000027a8                hw_usb_set_csclr
 .text.hw_usb_set_aclrm
                0x000027e4       0x44 ./ra/fsp/src/r_usb_basic/src/hw/r_usb_creg_access.o
                0x000027e4                hw_usb_set_aclrm
 .text.hw_usb_clear_aclrm
                0x00002828       0x3c ./ra/fsp/src/r_usb_basic/src/hw/r_usb_creg_access.o
                0x00002828                hw_usb_clear_aclrm
 .text.hw_usb_set_sqclr
                0x00002864       0x74 ./ra/fsp/src/r_usb_basic/src/hw/r_usb_creg_access.o
                0x00002864                hw_usb_set_sqclr
 .text.hw_usb_set_pid
                0x000028d8       0x58 ./ra/fsp/src/r_usb_basic/src/hw/r_usb_creg_access.o
                0x000028d8                hw_usb_set_pid
 .text.hw_usb_clear_pid
                0x00002930       0x50 ./ra/fsp/src/r_usb_basic/src/hw/r_usb_creg_access.o
                0x00002930                hw_usb_clear_pid
 .text.hw_usb_set_trenb
                0x00002980       0x3c ./ra/fsp/src/r_usb_basic/src/hw/r_usb_creg_access.o
                0x00002980                hw_usb_set_trenb
 .text.hw_usb_clear_trenb
                0x000029bc       0x3c ./ra/fsp/src/r_usb_basic/src/hw/r_usb_creg_access.o
                0x000029bc                hw_usb_clear_trenb
 .text.hw_usb_set_trclr
                0x000029f8       0x3c ./ra/fsp/src/r_usb_basic/src/hw/r_usb_creg_access.o
                0x000029f8                hw_usb_set_trclr
 .text.hw_usb_write_pipetrn
                0x00002a34       0x34 ./ra/fsp/src/r_usb_basic/src/hw/r_usb_creg_access.o
                0x00002a34                hw_usb_write_pipetrn
 .text.hw_usb_set_suspendm
                0x00002a68       0x1c ./ra/fsp/src/r_usb_basic/src/hw/r_usb_creg_access.o
                0x00002a68                hw_usb_set_suspendm
 .text.hw_usb_clear_suspm
                0x00002a84       0x1c ./ra/fsp/src/r_usb_basic/src/hw/r_usb_creg_access.o
                0x00002a84                hw_usb_clear_suspm
 .text.usb_module_start
                0x00002aa0       0x50 ./ra/fsp/src/r_usb_basic/src/hw/r_usb_mcu.o
                0x00002aa0                usb_module_start
 .text.usb_module_register_clear
                0x00002af0      0x100 ./ra/fsp/src/r_usb_basic/src/hw/r_usb_mcu.o
                0x00002af0                usb_module_register_clear
 .text.usb_module_stop
                0x00002bf0       0x7c ./ra/fsp/src/r_usb_basic/src/hw/r_usb_mcu.o
                0x00002bf0                usb_module_stop
 .text.usb_cpu_usbint_init
                0x00002c6c       0xf8 ./ra/fsp/src/r_usb_basic/src/hw/r_usb_mcu.o
                0x00002c6c                usb_cpu_usbint_init
 .text.usb_cpu_delay_1us
                0x00002d64        0x8 ./ra/fsp/src/r_usb_basic/src/hw/r_usb_mcu.o
                0x00002d64                usb_cpu_delay_1us
 .text.usb_cpu_delay_xms
                0x00002d6c        0x4 ./ra/fsp/src/r_usb_basic/src/hw/r_usb_mcu.o
                0x00002d6c                usb_cpu_delay_xms
 .text.usbfs_interrupt_handler
                0x00002d70       0x30 ./ra/fsp/src/r_usb_basic/src/hw/r_usb_mcu.o
                0x00002d70                usbfs_interrupt_handler
 .text.usbfs_resume_handler
                0x00002da0       0x34 ./ra/fsp/src/r_usb_basic/src/hw/r_usb_mcu.o
                0x00002da0                usbfs_resume_handler
 .text.usbfs_d0fifo_handler
                0x00002dd4       0x20 ./ra/fsp/src/r_usb_basic/src/hw/r_usb_mcu.o
                0x00002dd4                usbfs_d0fifo_handler
 .text.usbfs_d1fifo_handler
                0x00002df4       0x20 ./ra/fsp/src/r_usb_basic/src/hw/r_usb_mcu.o
                0x00002df4                usbfs_d1fifo_handler
 .text.usbhs_interrupt_handler
                0x00002e14       0x30 ./ra/fsp/src/r_usb_basic/src/hw/r_usb_mcu.o
                0x00002e14                usbhs_interrupt_handler
 .text.usb_pstd_interrupt_handler
                0x00002e44      0x1f4 ./ra/fsp/src/r_usb_basic/src/hw/r_usb_preg_abs.o
                0x00002e44                usb_pstd_interrupt_handler
 .text.usb_pstd_save_request
                0x00003038       0x48 ./ra/fsp/src/r_usb_basic/src/hw/r_usb_preg_abs.o
                0x00003038                usb_pstd_save_request
 .text.usb_pstd_chk_configured
                0x00003080       0x1c ./ra/fsp/src/r_usb_basic/src/hw/r_usb_preg_abs.o
                0x00003080                usb_pstd_chk_configured
 .text.usb_pstd_remote_wakeup
                0x0000309c       0x48 ./ra/fsp/src/r_usb_basic/src/hw/r_usb_preg_abs.o
                0x0000309c                usb_pstd_remote_wakeup
 .text.usb_pstd_test_mode
                0x000030e4       0x44 ./ra/fsp/src/r_usb_basic/src/hw/r_usb_preg_abs.o
                0x000030e4                usb_pstd_test_mode
 .text.usb_pstd_resume_process
                0x00003128       0x18 ./ra/fsp/src/r_usb_basic/src/hw/r_usb_preg_abs.o
                0x00003128                usb_pstd_resume_process
 .text.usb_pstd_set_stall
                0x00003140        0xc ./ra/fsp/src/r_usb_basic/src/hw/r_usb_preg_abs.o
                0x00003140                usb_pstd_set_stall
 .text.usb_pstd_set_stall_pipe0
                0x0000314c        0x8 ./ra/fsp/src/r_usb_basic/src/hw/r_usb_preg_abs.o
                0x0000314c                usb_pstd_set_stall_pipe0
 .text.usb_pstd_write_fifo
                0x00003154       0xc8 ./ra/fsp/src/r_usb_basic/src/hw/r_usb_preg_abs.o
                0x00003154                usb_pstd_write_fifo
 .text.usb_pstd_read_fifo
                0x0000321c       0x94 ./ra/fsp/src/r_usb_basic/src/hw/r_usb_preg_abs.o
                0x0000321c                usb_pstd_read_fifo
 .text.usb_pstd_forced_termination
                0x000032b0       0xb4 ./ra/fsp/src/r_usb_basic/src/hw/r_usb_preg_abs.o
                0x000032b0                usb_pstd_forced_termination
 .text.usb_pstd_interrupt_clock
                0x00003364       0x20 ./ra/fsp/src/r_usb_basic/src/hw/r_usb_preg_abs.o
                0x00003364                usb_pstd_interrupt_clock
 .text.usb_pstd_self_clock
                0x00003384       0x20 ./ra/fsp/src/r_usb_basic/src/hw/r_usb_preg_abs.o
                0x00003384                usb_pstd_self_clock
 .text.usb_pstd_stop_clock
                0x000033a4       0x10 ./ra/fsp/src/r_usb_basic/src/hw/r_usb_preg_abs.o
                0x000033a4                usb_pstd_stop_clock
 .text.hw_usb_pset_dprpu
                0x000033b4       0x28 ./ra/fsp/src/r_usb_basic/src/hw/r_usb_preg_access.o
                0x000033b4                hw_usb_pset_dprpu
 .text.hw_usb_pclear_dprpu
                0x000033dc       0x20 ./ra/fsp/src/r_usb_basic/src/hw/r_usb_preg_access.o
                0x000033dc                hw_usb_pclear_dprpu
 .text.hw_usb_pset_wkup
                0x000033fc       0x28 ./ra/fsp/src/r_usb_basic/src/hw/r_usb_preg_access.o
                0x000033fc                hw_usb_pset_wkup
 .text.hw_usb_pset_enb_rsme
                0x00003424       0x28 ./ra/fsp/src/r_usb_basic/src/hw/r_usb_preg_access.o
                0x00003424                hw_usb_pset_enb_rsme
 .text.hw_usb_pclear_enb_rsme
                0x0000344c       0x20 ./ra/fsp/src/r_usb_basic/src/hw/r_usb_preg_access.o
                0x0000344c                hw_usb_pclear_enb_rsme
 .text.hw_usb_pclear_sts_resm
                0x0000346c       0x20 ./ra/fsp/src/r_usb_basic/src/hw/r_usb_preg_access.o
                0x0000346c                hw_usb_pclear_sts_resm
 .text.hw_usb_pclear_sts_valid
                0x0000348c       0x20 ./ra/fsp/src/r_usb_basic/src/hw/r_usb_preg_access.o
                0x0000348c                hw_usb_pclear_sts_valid
 .text.hw_usb_pset_ccpl
                0x000034ac       0x30 ./ra/fsp/src/r_usb_basic/src/hw/r_usb_preg_access.o
                0x000034ac                hw_usb_pset_ccpl
 .text.hw_usb_pmodule_init
                0x000034dc       0xc4 ./ra/fsp/src/r_usb_basic/src/hw/r_usb_preg_access.o
                0x000034dc                hw_usb_pmodule_init
 .text.hw_usb_pcontrol_dprpu
                0x000035a0       0x30 ./ra/fsp/src/r_usb_basic/src/hw/r_usb_preg_access.o
                0x000035a0                hw_usb_pcontrol_dprpu
 .text.hw_usb_pcontrol_dcpctr_pid
                0x000035d0       0x3c ./ra/fsp/src/r_usb_basic/src/hw/r_usb_preg_access.o
                0x000035d0                hw_usb_pcontrol_dcpctr_pid
 .text.usb_ctrl_read
                0x0000360c       0x50 ./ra/fsp/src/r_usb_basic/src/driver/r_usb_cdataio.o
                0x0000360c                usb_ctrl_read
 .text.usb_ctrl_write
                0x0000365c       0x98 ./ra/fsp/src/r_usb_basic/src/driver/r_usb_cdataio.o
                0x0000365c                usb_ctrl_write
 .text.usb_data_read
                0x000036f4       0x44 ./ra/fsp/src/r_usb_basic/src/driver/r_usb_cdataio.o
                0x000036f4                usb_data_read
 .text.usb_data_write
                0x00003738       0x6c ./ra/fsp/src/r_usb_basic/src/driver/r_usb_cdataio.o
                0x00003738                usb_data_write
 .text.usb_data_stop
                0x000037a4       0x30 ./ra/fsp/src/r_usb_basic/src/driver/r_usb_cdataio.o
                0x000037a4                usb_data_stop
 .text.usb_cstd_nrdy_enable
                0x000037d4        0xc ./ra/fsp/src/r_usb_basic/src/driver/r_usb_clibusbip.o
                0x000037d4                usb_cstd_nrdy_enable
 .text.usb_cstd_get_pid
                0x000037e0       0x14 ./ra/fsp/src/r_usb_basic/src/driver/r_usb_clibusbip.o
                0x000037e0                usb_cstd_get_pid
 .text.usb_cstd_get_maxpacket_size
                0x000037f4       0x28 ./ra/fsp/src/r_usb_basic/src/driver/r_usb_clibusbip.o
                0x000037f4                usb_cstd_get_maxpacket_size
 .text.usb_cstd_get_pipe_dir
                0x0000381c       0x1c ./ra/fsp/src/r_usb_basic/src/driver/r_usb_clibusbip.o
                0x0000381c                usb_cstd_get_pipe_dir
 .text.usb_cstd_get_pipe_type
                0x00003838       0x1c ./ra/fsp/src/r_usb_basic/src/driver/r_usb_clibusbip.o
                0x00003838                usb_cstd_get_pipe_type
 .text.usb_cstd_do_aclrm
                0x00003854       0x1c ./ra/fsp/src/r_usb_basic/src/driver/r_usb_clibusbip.o
                0x00003854                usb_cstd_do_aclrm
 .text.usb_cstd_set_buf
                0x00003870        0xc ./ra/fsp/src/r_usb_basic/src/driver/r_usb_clibusbip.o
                0x00003870                usb_cstd_set_buf
 .text.usb_cstd_clr_stall
                0x0000387c       0x20 ./ra/fsp/src/r_usb_basic/src/driver/r_usb_clibusbip.o
                0x0000387c                usb_cstd_clr_stall
 .text.usb_cstd_port_speed
                0x0000389c       0x20 ./ra/fsp/src/r_usb_basic/src/driver/r_usb_clibusbip.o
                0x0000389c                usb_cstd_port_speed
 .text.usb_set_event
                0x000038bc       0xf8 ./ra/fsp/src/r_usb_basic/src/driver/r_usb_clibusbip.o
                0x000038bc                usb_set_event
 .text.usb_cstd_remote_wakeup
                0x000039b4       0x30 ./ra/fsp/src/r_usb_basic/src/driver/r_usb_clibusbip.o
                0x000039b4                usb_cstd_remote_wakeup
 .text.usb_rtos_configuration
                0x000039e4       0xbc ./ra/fsp/src/r_usb_basic/src/driver/r_usb_cstd_rtos.o
                0x000039e4                usb_rtos_configuration
 .text.usb_rtos_delete
                0x00003aa0       0x90 ./ra/fsp/src/r_usb_basic/src/driver/r_usb_cstd_rtos.o
                0x00003aa0                usb_rtos_delete
 .text.usb_cstd_rec_msg
                0x00003b30       0x3c ./ra/fsp/src/r_usb_basic/src/driver/r_usb_cstd_rtos.o
                0x00003b30                usb_cstd_rec_msg
 .text.usb_cstd_snd_msg
                0x00003b6c       0x34 ./ra/fsp/src/r_usb_basic/src/driver/r_usb_cstd_rtos.o
                0x00003b6c                usb_cstd_snd_msg
 .text.usb_cstd_isnd_msg
                0x00003ba0       0x4c ./ra/fsp/src/r_usb_basic/src/driver/r_usb_cstd_rtos.o
                0x00003ba0                usb_cstd_isnd_msg
 .text.usb_cstd_pipe_msg_clear
                0x00003bec       0x40 ./ra/fsp/src/r_usb_basic/src/driver/r_usb_cstd_rtos.o
                0x00003bec                usb_cstd_pipe_msg_clear
 .text.usb_cstd_pipe0_msg_clear
                0x00003c2c       0x40 ./ra/fsp/src/r_usb_basic/src/driver/r_usb_cstd_rtos.o
                0x00003c2c                usb_cstd_pipe0_msg_clear
 .text.usb_cstd_pipe_msg_re_forward
                0x00003c6c       0x64 ./ra/fsp/src/r_usb_basic/src/driver/r_usb_cstd_rtos.o
                0x00003c6c                usb_cstd_pipe_msg_re_forward
 .text.usb_cstd_pipe_msg_forward
                0x00003cd0       0x34 ./ra/fsp/src/r_usb_basic/src/driver/r_usb_cstd_rtos.o
                0x00003cd0                usb_cstd_pipe_msg_forward
 .text.usb_pstd_ctrl_read
                0x00003d04       0x88 ./ra/fsp/src/r_usb_basic/src/driver/r_usb_pcontrolrw.o
                0x00003d04                usb_pstd_ctrl_read
 .text.usb_pstd_ctrl_write
                0x00003d8c       0x50 ./ra/fsp/src/r_usb_basic/src/driver/r_usb_pcontrolrw.o
                0x00003d8c                usb_pstd_ctrl_write
 .text.usb_pstd_ctrl_end
                0x00003ddc       0x74 ./ra/fsp/src/r_usb_basic/src/driver/r_usb_pcontrolrw.o
                0x00003ddc                usb_pstd_ctrl_end
 .text.usb_pstd_dummy_function
                0x00003e50        0x4 ./ra/fsp/src/r_usb_basic/src/driver/r_usb_pdriver.o
                0x00003e50                usb_pstd_dummy_function
 .text.usb_pstd_dummy_trn
                0x00003e54        0x4 ./ra/fsp/src/r_usb_basic/src/driver/r_usb_pdriver.o
                0x00003e54                usb_pstd_dummy_trn
 .text.usb_peri_configured
                0x00003e58       0x2c ./ra/fsp/src/r_usb_basic/src/driver/r_usb_pdriver.o
                0x00003e58                usb_peri_configured
 .text.usb_peri_suspended
                0x00003e84       0x1c ./ra/fsp/src/r_usb_basic/src/driver/r_usb_pdriver.o
                0x00003e84                usb_peri_suspended
 .text.usb_peri_resume
                0x00003ea0       0x20 ./ra/fsp/src/r_usb_basic/src/driver/r_usb_pdriver.o
                0x00003ea0                usb_peri_resume
 .text.usb_peri_interface
                0x00003ec0        0x4 ./ra/fsp/src/r_usb_basic/src/driver/r_usb_pdriver.o
                0x00003ec0                usb_peri_interface
 .text.usb_peri_detach
                0x00003ec4       0x2c ./ra/fsp/src/r_usb_basic/src/driver/r_usb_pdriver.o
                0x00003ec4                usb_peri_detach
 .text.usb_pstd_set_submitutr
                0x00003ef0       0x58 ./ra/fsp/src/r_usb_basic/src/driver/r_usb_pdriver.o
                0x00003ef0                usb_pstd_set_submitutr
 .text.usb_pstd_pcd_task
                0x00003f48      0x228 ./ra/fsp/src/r_usb_basic/src/driver/r_usb_pdriver.o
                0x00003f48                usb_pstd_pcd_task
 .text.usb_pstd_clr_mem
                0x00004170       0x28 ./ra/fsp/src/r_usb_basic/src/driver/r_usb_pdriver.o
                0x00004170                usb_pstd_clr_mem
 .text.usb_pstd_set_config_num
                0x00004198       0x1c ./ra/fsp/src/r_usb_basic/src/driver/r_usb_pdriver.o
                0x00004198                usb_pstd_set_config_num
 .text.usb_pstd_clr_eptbl_index
                0x000041b4       0x18 ./ra/fsp/src/r_usb_basic/src/driver/r_usb_pdriver.o
                0x000041b4                usb_pstd_clr_eptbl_index
 .text.usb_pstd_get_interface_num
                0x000041cc        0xc ./ra/fsp/src/r_usb_basic/src/driver/r_usb_pdriver.o
                0x000041cc                usb_pstd_get_interface_num
 .text.usb_pstd_get_alternate_num
                0x000041d8       0x54 ./ra/fsp/src/r_usb_basic/src/driver/r_usb_pdriver.o
                0x000041d8                usb_pstd_get_alternate_num
 .text.usb_pstd_set_eptbl_index
                0x0000422c       0xa0 ./ra/fsp/src/r_usb_basic/src/driver/r_usb_pdriver.o
                0x0000422c                usb_pstd_set_eptbl_index
 .text.usb_pstd_chk_remote
                0x000042cc       0x1c ./ra/fsp/src/r_usb_basic/src/driver/r_usb_pdriver.o
                0x000042cc                usb_pstd_chk_remote
 .text.usb_pstd_get_current_power
                0x000042e8       0x10 ./ra/fsp/src/r_usb_basic/src/driver/r_usb_pdriver.o
                0x000042e8                usb_pstd_get_current_power
 .text.usb_pstd_fifo_to_buf
                0x000042f8       0x58 ./ra/fsp/src/r_usb_basic/src/driver/r_usb_pdriver.o
                0x000042f8                usb_pstd_fifo_to_buf
 .text.usb_pstd_buf_to_fifo
                0x00004350       0x60 ./ra/fsp/src/r_usb_basic/src/driver/r_usb_pdriver.o
                0x00004350                usb_pstd_buf_to_fifo
 .text.usb_pstd_transfer_start
                0x000043b0       0x4c ./ra/fsp/src/r_usb_basic/src/driver/r_usb_pdriver.o
                0x000043b0                usb_pstd_transfer_start
 .text.usb_pstd_transfer_end
                0x000043fc       0x40 ./ra/fsp/src/r_usb_basic/src/driver/r_usb_pdriver.o
                0x000043fc                usb_pstd_transfer_end
 .text.usb_pstd_change_device_state
                0x0000443c       0x84 ./ra/fsp/src/r_usb_basic/src/driver/r_usb_pdriver.o
                0x0000443c                usb_pstd_change_device_state
 .text.usb_pstd_driver_release
                0x000044c0       0x30 ./ra/fsp/src/r_usb_basic/src/driver/r_usb_pdriver.o
                0x000044c0                usb_pstd_driver_release
 .text.usb_peri_registration
                0x000044f0       0x68 ./ra/fsp/src/r_usb_basic/src/driver/r_usb_pdriver.o
                0x000044f0                usb_peri_registration
 .text.usb_peri_pipe_info
                0x00004558       0x6c ./ra/fsp/src/r_usb_basic/src/driver/r_usb_pdriver.o
                0x00004558                usb_peri_pipe_info
 .text.usb_peri_devdefault
                0x000045c4       0xa8 ./ra/fsp/src/r_usb_basic/src/driver/r_usb_pdriver.o
                0x000045c4                usb_peri_devdefault
 .text.usb_pstd_brdy_pipe
                0x0000466c       0x60 ./ra/fsp/src/r_usb_basic/src/driver/r_usb_pintfifo.o
                0x0000466c                usb_pstd_brdy_pipe
 .text.usb_pstd_nrdy_pipe
                0x000046cc        0xc ./ra/fsp/src/r_usb_basic/src/driver/r_usb_pintfifo.o
                0x000046cc                usb_pstd_nrdy_pipe
 .text.usb_pstd_bemp_pipe
                0x000046d8       0x48 ./ra/fsp/src/r_usb_basic/src/driver/r_usb_pintfifo.o
                0x000046d8                usb_pstd_bemp_pipe
 .text.usb_pstd_usb_handler
                0x00004720       0x68 ./ra/fsp/src/r_usb_basic/src/driver/r_usb_pinthandler_usbip0.o
                0x00004720                usb_pstd_usb_handler
 .text.usb_pstd_data_end.part.0
                0x00004788       0x84 ./ra/fsp/src/r_usb_basic/src/driver/r_usb_plibusbip.o
 .text.usb_pstd_epadr2pipe
                0x0000480c       0x50 ./ra/fsp/src/r_usb_basic/src/driver/r_usb_plibusbip.o
                0x0000480c                usb_pstd_epadr2pipe
 .text.usb_pstd_pipe2fport
                0x0000485c        0x4 ./ra/fsp/src/r_usb_basic/src/driver/r_usb_plibusbip.o
                0x0000485c                usb_pstd_pipe2fport
 .text.usb_pstd_hi_speed_enable
                0x00004860        0xc ./ra/fsp/src/r_usb_basic/src/driver/r_usb_plibusbip.o
                0x00004860                usb_pstd_hi_speed_enable
 .text.usb_pstd_send_start
                0x0000486c       0x5c ./ra/fsp/src/r_usb_basic/src/driver/r_usb_plibusbip.o
                0x0000486c                usb_pstd_send_start
 .text.usb_pstd_write_data
                0x000048c8      0x118 ./ra/fsp/src/r_usb_basic/src/driver/r_usb_plibusbip.o
                0x000048c8                usb_pstd_write_data
 .text.usb_pstd_receive_start
                0x000049e0       0x80 ./ra/fsp/src/r_usb_basic/src/driver/r_usb_plibusbip.o
                0x000049e0                usb_pstd_receive_start
 .text.usb_pstd_read_data
                0x00004a60       0xf0 ./ra/fsp/src/r_usb_basic/src/driver/r_usb_plibusbip.o
                0x00004a60                usb_pstd_read_data
 .text.usb_pstd_data_end
                0x00004b50        0xc ./ra/fsp/src/r_usb_basic/src/driver/r_usb_plibusbip.o
                0x00004b50                usb_pstd_data_end
 .text.usb_pstd_brdy_pipe_process
                0x00004b5c       0x64 ./ra/fsp/src/r_usb_basic/src/driver/r_usb_plibusbip.o
                0x00004b5c                usb_pstd_brdy_pipe_process
 .text.usb_pstd_nrdy_pipe_process
                0x00004bc0       0x58 ./ra/fsp/src/r_usb_basic/src/driver/r_usb_plibusbip.o
                0x00004bc0                usb_pstd_nrdy_pipe_process
 .text.usb_pstd_bemp_pipe_process
                0x00004c18       0xe0 ./ra/fsp/src/r_usb_basic/src/driver/r_usb_plibusbip.o
                0x00004c18                usb_pstd_bemp_pipe_process
 .text.usb_pstd_set_pipe_table
                0x00004cf8      0x10c ./ra/fsp/src/r_usb_basic/src/driver/r_usb_plibusbip.o
                0x00004cf8                usb_pstd_set_pipe_table
 .text.usb_pstd_clr_pipe_table
                0x00004e04       0x4c ./ra/fsp/src/r_usb_basic/src/driver/r_usb_plibusbip.o
                0x00004e04                usb_pstd_clr_pipe_table
 .text.usb_pstd_set_pipe_reg
                0x00004e50       0xa0 ./ra/fsp/src/r_usb_basic/src/driver/r_usb_plibusbip.o
                0x00004e50                usb_pstd_set_pipe_reg
 .text.usb_pstd_clr_pipe_reg
                0x00004ef0       0x3c ./ra/fsp/src/r_usb_basic/src/driver/r_usb_plibusbip.o
                0x00004ef0                usb_pstd_clr_pipe_reg
 .text.usb_pstd_bus_reset
                0x00004f2c       0x3c ./ra/fsp/src/r_usb_basic/src/driver/r_usb_psignal.o
                0x00004f2c                usb_pstd_bus_reset
 .text.usb_pstd_attach_process
                0x00004f68       0x18 ./ra/fsp/src/r_usb_basic/src/driver/r_usb_psignal.o
                0x00004f68                usb_pstd_attach_process
 .text.usb_pstd_detach_process
                0x00004f80       0x88 ./ra/fsp/src/r_usb_basic/src/driver/r_usb_psignal.o
                0x00004f80                usb_pstd_detach_process
 .text.usb_pstd_suspend_process
                0x00005008       0x68 ./ra/fsp/src/r_usb_basic/src/driver/r_usb_psignal.o
                0x00005008                usb_pstd_suspend_process
 .text.usb_pstd_set_feature_function
                0x00005070        0x4 ./ra/fsp/src/r_usb_basic/src/driver/r_usb_pstdfunction.o
                0x00005070                usb_pstd_set_feature_function
 .text.usb_pstd_chk_vbsts
                0x00005074       0x40 ./ra/fsp/src/r_usb_basic/src/driver/r_usb_pstdfunction.o
                0x00005074                usb_pstd_chk_vbsts
 .text.usb_pstd_busreset_function
                0x000050b4        0x4 ./ra/fsp/src/r_usb_basic/src/driver/r_usb_pstdfunction.o
                0x000050b4                usb_pstd_busreset_function
 .text.usb_pstd_suspend_function
                0x000050b8        0x4 ./ra/fsp/src/r_usb_basic/src/driver/r_usb_pstdfunction.o
                0x000050b8                usb_pstd_suspend_function
 .text.usb_pdriver_init
                0x000050bc       0xf4 ./ra/fsp/src/r_usb_basic/src/driver/r_usb_pstdfunction.o
                0x000050bc                usb_pdriver_init
 .text.usb_pstd_stand_req0
                0x000051b0       0x80 ./ra/fsp/src/r_usb_basic/src/driver/r_usb_pstdrequest.o
                0x000051b0                usb_pstd_stand_req0
 .text.usb_pstd_stand_req1
                0x00005230      0x29c ./ra/fsp/src/r_usb_basic/src/driver/r_usb_pstdrequest.o
                0x00005230                usb_pstd_stand_req1
 .text.usb_pstd_stand_req2
                0x000054cc        0x4 ./ra/fsp/src/r_usb_basic/src/driver/r_usb_pstdrequest.o
                0x000054cc                usb_pstd_stand_req2
 .text.usb_pstd_stand_req3
                0x000054d0      0x33c ./ra/fsp/src/r_usb_basic/src/driver/r_usb_pstdrequest.o
                0x000054d0                usb_pstd_stand_req3
 .text.usb_pstd_stand_req4
                0x0000580c       0xbc ./ra/fsp/src/r_usb_basic/src/driver/r_usb_pstdrequest.o
                0x0000580c                usb_pstd_stand_req4
 .text.usb_pstd_stand_req5
                0x000058c8       0xa0 ./ra/fsp/src/r_usb_basic/src/driver/r_usb_pstdrequest.o
                0x000058c8                usb_pstd_stand_req5
 .text.usb_peri_class_request_rss
                0x00005968       0x54 ./ra/fsp/src/r_usb_basic/src/driver/r_usb_pstdrequest.o
                0x00005968                usb_peri_class_request_rss
 .text.usb_peri_class_request_wss
                0x000059bc       0x60 ./ra/fsp/src/r_usb_basic/src/driver/r_usb_pstdrequest.o
                0x000059bc                usb_peri_class_request_wss
 .text.usb_peri_class_request
                0x00005a1c       0xf0 ./ra/fsp/src/r_usb_basic/src/driver/r_usb_pstdrequest.o
                0x00005a1c                usb_peri_class_request
 .text.R_USB_EventGet
                0x00005b0c        0x8 ./ra/fsp/src/r_usb_basic/r_usb_basic.o
                0x00005b0c                R_USB_EventGet
 .text.R_USB_Callback
                0x00005b14       0x10 ./ra/fsp/src/r_usb_basic/r_usb_basic.o
                0x00005b14                R_USB_Callback
 .text.R_USB_Suspend
                0x00005b24        0x8 ./ra/fsp/src/r_usb_basic/r_usb_basic.o
                0x00005b24                R_USB_Suspend
 .text.R_USB_VbusSet
                0x00005b2c        0x8 ./ra/fsp/src/r_usb_basic/r_usb_basic.o
                0x00005b2c                R_USB_VbusSet
 .text.R_USB_PipeRead
                0x00005b34        0x8 ./ra/fsp/src/r_usb_basic/r_usb_basic.o
                0x00005b34                R_USB_PipeRead
 .text.R_USB_PipeStop
                0x00005b3c        0x8 ./ra/fsp/src/r_usb_basic/r_usb_basic.o
                0x00005b3c                R_USB_PipeStop
 .text.R_USB_ModuleNumberGet
                0x00005b44        0xc ./ra/fsp/src/r_usb_basic/r_usb_basic.o
                0x00005b44                R_USB_ModuleNumberGet
 .text.R_USB_ClassTypeGet
                0x00005b50        0xc ./ra/fsp/src/r_usb_basic/r_usb_basic.o
                0x00005b50                R_USB_ClassTypeGet
 .text.R_USB_DeviceAddressGet
                0x00005b5c        0xc ./ra/fsp/src/r_usb_basic/r_usb_basic.o
                0x00005b5c                R_USB_DeviceAddressGet
 .text.R_USB_PipeNumberGet
                0x00005b68        0xc ./ra/fsp/src/r_usb_basic/r_usb_basic.o
                0x00005b68                R_USB_PipeNumberGet
 .text.R_USB_DeviceStateGet
                0x00005b74        0xc ./ra/fsp/src/r_usb_basic/r_usb_basic.o
                0x00005b74                R_USB_DeviceStateGet
 .text.R_USB_DataSizeGet
                0x00005b80        0xc ./ra/fsp/src/r_usb_basic/r_usb_basic.o
                0x00005b80                R_USB_DataSizeGet
 .text.R_USB_SetupGet
                0x00005b8c       0x10 ./ra/fsp/src/r_usb_basic/r_usb_basic.o
                0x00005b8c                R_USB_SetupGet
 .text.R_USB_OtgCallbackSet
                0x00005b9c       0x14 ./ra/fsp/src/r_usb_basic/r_usb_basic.o
                0x00005b9c                R_USB_OtgCallbackSet
 .text.R_USB_OtgSRP
                0x00005bb0       0x10 ./ra/fsp/src/r_usb_basic/r_usb_basic.o
                0x00005bb0                R_USB_OtgSRP
 .text.R_USB_Open
                0x00005bc0      0x128 ./ra/fsp/src/r_usb_basic/r_usb_basic.o
                0x00005bc0                R_USB_Open
 .text.R_USB_InfoGet
                0x00005ce8       0xc4 ./ra/fsp/src/r_usb_basic/r_usb_basic.o
                0x00005ce8                R_USB_InfoGet
 .text.R_USB_PipeInfoGet
                0x00005dac       0xa8 ./ra/fsp/src/r_usb_basic/r_usb_basic.o
                0x00005dac                R_USB_PipeInfoGet
 .text.R_USB_PullUp
                0x00005e54       0x24 ./ra/fsp/src/r_usb_basic/r_usb_basic.o
                0x00005e54                R_USB_PullUp
 .text.R_USB_RemoteWakeup
                0x00005e78       0x48 ./ra/fsp/src/r_usb_basic/r_usb_basic.o
                0x00005e78                R_USB_RemoteWakeup
 .text.R_USB_Close
                0x00005ec0       0x6c ./ra/fsp/src/r_usb_basic/r_usb_basic.o
                0x00005ec0                R_USB_Close
 .text.R_USB_Read
                0x00005f2c       0x54 ./ra/fsp/src/r_usb_basic/r_usb_basic.o
                0x00005f2c                R_USB_Read
 .text.R_USB_Write
                0x00005f80       0x54 ./ra/fsp/src/r_usb_basic/r_usb_basic.o
                0x00005f80                R_USB_Write
 .text.R_USB_Stop
                0x00005fd4       0x58 ./ra/fsp/src/r_usb_basic/r_usb_basic.o
                0x00005fd4                R_USB_Stop
 .text.R_USB_UsedPipesGet
                0x0000602c       0x70 ./ra/fsp/src/r_usb_basic/r_usb_basic.o
                0x0000602c                R_USB_UsedPipesGet
 .text.R_USB_PeriControlDataGet
                0x0000609c       0x48 ./ra/fsp/src/r_usb_basic/r_usb_basic.o
                0x0000609c                R_USB_PeriControlDataGet
 .text.R_USB_PeriControlDataSet
                0x000060e4       0x48 ./ra/fsp/src/r_usb_basic/r_usb_basic.o
                0x000060e4                R_USB_PeriControlDataSet
 .text.R_USB_PeriControlStatusSet
                0x0000612c       0x38 ./ra/fsp/src/r_usb_basic/r_usb_basic.o
                0x0000612c                R_USB_PeriControlStatusSet
 .text.R_USB_PipeWrite
                0x00006164        0x8 ./ra/fsp/src/r_usb_basic/r_usb_basic.o
                0x00006164                R_USB_PipeWrite
 .text.R_USB_HostControlTransfer
                0x0000616c       0x6c ./ra/fsp/src/r_usb_basic/r_usb_basic.o
                0x0000616c                R_USB_HostControlTransfer
 .text.R_USB_Resume
                0x000061d8        0x8 ./ra/fsp/src/r_usb_basic/r_usb_basic.o
                0x000061d8                R_USB_Resume
 .text.R_SCI_UART_Close
                0x000061e0       0xcc ./ra/fsp/src/r_sci_uart/r_sci_uart.o
                0x000061e0                R_SCI_UART_Close
 .text.R_SCI_UART_Read
                0x000062ac        0xc ./ra/fsp/src/r_sci_uart/r_sci_uart.o
                0x000062ac                R_SCI_UART_Read
 .text.R_SCI_UART_Write
                0x000062b8       0x48 ./ra/fsp/src/r_sci_uart/r_sci_uart.o
                0x000062b8                R_SCI_UART_Write
 .text.R_SCI_UART_CallbackSet
                0x00006300       0x10 ./ra/fsp/src/r_sci_uart/r_sci_uart.o
                0x00006300                R_SCI_UART_CallbackSet
 .text.R_SCI_UART_BaudSet
                0x00006310       0x4c ./ra/fsp/src/r_sci_uart/r_sci_uart.o
                0x00006310                R_SCI_UART_BaudSet
 .text.R_SCI_UART_InfoGet
                0x0000635c        0xc ./ra/fsp/src/r_sci_uart/r_sci_uart.o
                0x0000635c                R_SCI_UART_InfoGet
 .text.R_SCI_UART_Abort
                0x00006368       0x3c ./ra/fsp/src/r_sci_uart/r_sci_uart.o
                0x00006368                R_SCI_UART_Abort
 .text.R_SCI_UART_ReadStop
                0x000063a4       0x14 ./ra/fsp/src/r_sci_uart/r_sci_uart.o
                0x000063a4                R_SCI_UART_ReadStop
 .text.r_sci_uart_call_callback
                0x000063b8       0x44 ./ra/fsp/src/r_sci_uart/r_sci_uart.o
 .text.R_SCI_UART_Open
                0x000063fc      0x33c ./ra/fsp/src/r_sci_uart/r_sci_uart.o
                0x000063fc                R_SCI_UART_Open
 .text.sci_uart_txi_isr
                0x00006738       0x8c ./ra/fsp/src/r_sci_uart/r_sci_uart.o
                0x00006738                sci_uart_txi_isr
 .text.sci_uart_rxi_isr
                0x000067c4       0x8c ./ra/fsp/src/r_sci_uart/r_sci_uart.o
                0x000067c4                sci_uart_rxi_isr
 .text.sci_uart_tei_isr
                0x00006850       0x40 ./ra/fsp/src/r_sci_uart/r_sci_uart.o
                0x00006850                sci_uart_tei_isr
 .text.sci_uart_eri_isr
                0x00006890       0x74 ./ra/fsp/src/r_sci_uart/r_sci_uart.o
                0x00006890                sci_uart_eri_isr
 .text.sci_i2c_notify
                0x00006904       0x38 ./ra/fsp/src/r_sci_i2c/r_sci_i2c.o
                0x00006904                sci_i2c_notify
 .text.sci_i2c_txi_isr
                0x0000693c      0x140 ./ra/fsp/src/r_sci_i2c/r_sci_i2c.o
                0x0000693c                sci_i2c_txi_isr
 .text.sci_i2c_tei_isr
                0x00006a7c       0xcc ./ra/fsp/src/r_sci_i2c/r_sci_i2c.o
                0x00006a7c                sci_i2c_tei_isr
 .text.R_IOPORT_Close
                0x00006b48        0xc ./ra/fsp/src/r_ioport/r_ioport.o
                0x00006b48                R_IOPORT_Close
 .text.R_IOPORT_PinRead
                0x00006b54       0x24 ./ra/fsp/src/r_ioport/r_ioport.o
                0x00006b54                R_IOPORT_PinRead
 .text.R_IOPORT_PortRead
                0x00006b78       0x14 ./ra/fsp/src/r_ioport/r_ioport.o
                0x00006b78                R_IOPORT_PortRead
 .text.R_IOPORT_PortWrite
                0x00006b8c       0x1c ./ra/fsp/src/r_ioport/r_ioport.o
                0x00006b8c                R_IOPORT_PortWrite
 .text.R_IOPORT_PinWrite
                0x00006ba8       0x20 ./ra/fsp/src/r_ioport/r_ioport.o
                0x00006ba8                R_IOPORT_PinWrite
 .text.R_IOPORT_PortDirectionSet
                0x00006bc8       0x2c ./ra/fsp/src/r_ioport/r_ioport.o
                0x00006bc8                R_IOPORT_PortDirectionSet
 .text.R_IOPORT_PortEventInputRead
                0x00006bf4       0x18 ./ra/fsp/src/r_ioport/r_ioport.o
                0x00006bf4                R_IOPORT_PortEventInputRead
 .text.R_IOPORT_PinEventInputRead
                0x00006c0c       0x38 ./ra/fsp/src/r_ioport/r_ioport.o
                0x00006c0c                R_IOPORT_PinEventInputRead
 .text.R_IOPORT_PortEventOutputWrite
                0x00006c44       0x1c ./ra/fsp/src/r_ioport/r_ioport.o
                0x00006c44                R_IOPORT_PortEventOutputWrite
 .text.R_IOPORT_EthernetModeCfg
                0x00006c60        0xc ./ra/fsp/src/r_ioport/r_ioport.o
                0x00006c60                R_IOPORT_EthernetModeCfg
 .text.R_IOPORT_PinEventOutputWrite
                0x00006c6c       0x4c ./ra/fsp/src/r_ioport/r_ioport.o
                0x00006c6c                R_IOPORT_PinEventOutputWrite
 .text.bsp_vbatt_init
                0x00006cb8       0xac ./ra/fsp/src/r_ioport/r_ioport.o
 .text.r_ioport_pins_config
                0x00006d64       0xc0 ./ra/fsp/src/r_ioport/r_ioport.o
 .text.R_IOPORT_Open
                0x00006e24       0x14 ./ra/fsp/src/r_ioport/r_ioport.o
                0x00006e24                R_IOPORT_Open
 .text.R_IOPORT_PinsCfg
                0x00006e38        0xc ./ra/fsp/src/r_ioport/r_ioport.o
                0x00006e38                R_IOPORT_PinsCfg
 .text.R_IOPORT_PinCfg
                0x00006e44       0xa8 ./ra/fsp/src/r_ioport/r_ioport.o
                0x00006e44                R_IOPORT_PinCfg
 .text.R_IIC_MASTER_SlaveAddressSet
                0x00006eec        0xc ./ra/fsp/src/r_iic_master/r_iic_master.o
                0x00006eec                R_IIC_MASTER_SlaveAddressSet
 .text.R_IIC_MASTER_CallbackSet
                0x00006ef8       0x10 ./ra/fsp/src/r_iic_master/r_iic_master.o
                0x00006ef8                R_IIC_MASTER_CallbackSet
 .text.R_IIC_MASTER_StatusGet
                0x00006f08       0x18 ./ra/fsp/src/r_iic_master/r_iic_master.o
                0x00006f08                R_IIC_MASTER_StatusGet
 .text.iic_master_notify
                0x00006f20       0x3c ./ra/fsp/src/r_iic_master/r_iic_master.o
 .text.iic_master_run_hw_master
                0x00006f5c       0xdc ./ra/fsp/src/r_iic_master/r_iic_master.o
 .text.R_IIC_MASTER_Read
                0x00007038       0x34 ./ra/fsp/src/r_iic_master/r_iic_master.o
                0x00007038                R_IIC_MASTER_Read
 .text.R_IIC_MASTER_Write
                0x0000706c       0x30 ./ra/fsp/src/r_iic_master/r_iic_master.o
                0x0000706c                R_IIC_MASTER_Write
 .text.iic_master_open_hw_master
                0x0000709c      0x1bc ./ra/fsp/src/r_iic_master/r_iic_master.o
 .text.R_IIC_MASTER_Open
                0x00007258       0x78 ./ra/fsp/src/r_iic_master/r_iic_master.o
                0x00007258                R_IIC_MASTER_Open
 .text.R_IIC_MASTER_Abort
                0x000072d0       0x4c ./ra/fsp/src/r_iic_master/r_iic_master.o
                0x000072d0                R_IIC_MASTER_Abort
 .text.R_IIC_MASTER_Close
                0x0000731c      0x100 ./ra/fsp/src/r_iic_master/r_iic_master.o
                0x0000731c                R_IIC_MASTER_Close
 .text.iic_master_rxi_isr
                0x0000741c      0x13c ./ra/fsp/src/r_iic_master/r_iic_master.o
                0x0000741c                iic_master_rxi_isr
 .text.iic_master_txi_isr
                0x00007558       0xec ./ra/fsp/src/r_iic_master/r_iic_master.o
                0x00007558                iic_master_txi_isr
 .text.iic_master_tei_isr
                0x00007644       0xc4 ./ra/fsp/src/r_iic_master/r_iic_master.o
                0x00007644                iic_master_tei_isr
 .text.iic_master_eri_isr
                0x00007708      0x144 ./ra/fsp/src/r_iic_master/r_iic_master.o
                0x00007708                iic_master_eri_isr
 .text.R_ICU_ExternalIrqOpen
                0x0000784c       0x84 ./ra/fsp/src/r_icu/r_icu.o
                0x0000784c                R_ICU_ExternalIrqOpen
 .text.R_ICU_ExternalIrqEnable
                0x000078d0       0x44 ./ra/fsp/src/r_icu/r_icu.o
                0x000078d0                R_ICU_ExternalIrqEnable
 .text.R_ICU_ExternalIrqDisable
                0x00007914       0x30 ./ra/fsp/src/r_icu/r_icu.o
                0x00007914                R_ICU_ExternalIrqDisable
 .text.R_ICU_ExternalIrqCallbackSet
                0x00007944        0xc ./ra/fsp/src/r_icu/r_icu.o
                0x00007944                R_ICU_ExternalIrqCallbackSet
 .text.R_ICU_ExternalIrqClose
                0x00007950       0x50 ./ra/fsp/src/r_icu/r_icu.o
                0x00007950                R_ICU_ExternalIrqClose
 .text.r_icu_isr
                0x000079a0       0x6c ./ra/fsp/src/r_icu/r_icu.o
                0x000079a0                r_icu_isr
 .text.r_flash_hp_call_callback
                0x00007a0c       0x38 ./ra/fsp/src/r_flash_hp/r_flash_hp.o
 .text.flash_hp_pe_mode_exit
                0x00007a44       0x88 ./ra/fsp/src/r_flash_hp/r_flash_hp.o
 .text.flash_hp_write_data.constprop.0
                0x00007acc       0x80 ./ra/fsp/src/r_flash_hp/r_flash_hp.o
 .text.flash_hp_enter_pe_df_mode
                0x00007b4c       0xbc ./ra/fsp/src/r_flash_hp/r_flash_hp.o
 .text.flash_hp_reset
                0x00007c08      0x118 ./ra/fsp/src/r_flash_hp/r_flash_hp.o
 .text.fcu_fiferr_isr
                0x00007d20       0x70 ./ra/fsp/src/r_flash_hp/r_flash_hp.o
                0x00007d20                fcu_fiferr_isr
 .text.fcu_frdyi_isr
                0x00007d90       0xa0 ./ra/fsp/src/r_flash_hp/r_flash_hp.o
                0x00007d90                fcu_frdyi_isr
 .text.SystemCoreClockUpdate
                0x00007e30       0x28 ./ra/fsp/src/bsp/mcu/all/bsp_clocks.o
                0x00007e30                SystemCoreClockUpdate
 .text.bsp_clock_init
                0x00007e58      0x168 ./ra/fsp/src/bsp/mcu/all/bsp_clocks.o
                0x00007e58                bsp_clock_init
 .text.bsp_init_internal
                0x00007fc0        0x4 ./ra/fsp/src/bsp/mcu/all/bsp_common.o
                0x00007fc0                bsp_init_internal
                0x00007fc0                bsp_init
 .text.bsp_prv_software_delay_loop
                0x00007fc4        0xc ./ra/fsp/src/bsp/mcu/all/bsp_delay.o
                0x00007fc4                bsp_prv_software_delay_loop
 .text.R_BSP_SoftwareDelay
                0x00007fd0       0x68 ./ra/fsp/src/bsp/mcu/all/bsp_delay.o
                0x00007fd0                R_BSP_SoftwareDelay
 .text.NMI_Handler
                0x00008038       0x38 ./ra/fsp/src/bsp/mcu/all/bsp_group_irq.o
                0x00008038                NMI_Handler
 .text.bsp_irq_cfg
                0x00008070       0xa0 ./ra/fsp/src/bsp/mcu/all/bsp_irq.o
                0x00008070                bsp_irq_cfg
 .text.R_BSP_RegisterProtectEnable
                0x00008110       0x60 ./ra/fsp/src/bsp/mcu/all/bsp_register_protection.o
                0x00008110                R_BSP_RegisterProtectEnable
 .text.R_BSP_RegisterProtectDisable
                0x00008170       0x54 ./ra/fsp/src/bsp/mcu/all/bsp_register_protection.o
                0x00008170                R_BSP_RegisterProtectDisable
 .text._sbrk    0x000081c4       0x44 ./ra/fsp/src/bsp/mcu/all/bsp_sbrk.o
                0x000081c4                _sbrk
 .text.Default_Handler
                0x00008208        0x4 ./ra/fsp/src/bsp/cmsis/Device/RENESAS/Source/startup.o
                0x00008208                Default_Handler
                0x00008208                DebugMon_Handler
 .text.Reset_Handler
                0x0000820c        0xc ./ra/fsp/src/bsp/cmsis/Device/RENESAS/Source/startup.o
                0x0000820c                Reset_Handler
 .text.SystemInit
                0x00008218       0xc0 ./ra/fsp/src/bsp/cmsis/Device/RENESAS/Source/system.o
                0x00008218                SystemInit
 .text.prvInsertBlockIntoFreeList
                0x000082d8       0x64 ./ra/aws/amazon-freertos/freertos_kernel/portable/MemMang/heap_4.o
 .text.pvPortMalloc
                0x0000833c      0x158 ./ra/aws/amazon-freertos/freertos_kernel/portable/MemMang/heap_4.o
                0x0000833c                pvPortMalloc
 .text.vPortFree
                0x00008494       0x88 ./ra/aws/amazon-freertos/freertos_kernel/portable/MemMang/heap_4.o
                0x00008494                vPortFree
 .text.xEventGroupCreateStatic
                0x0000851c       0x48 ./ra/aws/amazon-freertos/freertos_kernel/event_groups.o
                0x0000851c                xEventGroupCreateStatic
 .text.xEventGroupWaitBits
                0x00008564      0x10c ./ra/aws/amazon-freertos/freertos_kernel/event_groups.o
                0x00008564                xEventGroupWaitBits
 .text.xEventGroupSetBits
                0x00008670       0x90 ./ra/aws/amazon-freertos/freertos_kernel/event_groups.o
                0x00008670                xEventGroupSetBits
 .text.vEventGroupSetBitsCallback
                0x00008700        0x4 ./ra/aws/amazon-freertos/freertos_kernel/event_groups.o
                0x00008700                vEventGroupSetBitsCallback
 .text.vListInitialise
                0x00008704       0x18 ./ra/aws/amazon-freertos/freertos_kernel/list.o
                0x00008704                vListInitialise
 .text.vListInitialiseItem
                0x0000871c        0x8 ./ra/aws/amazon-freertos/freertos_kernel/list.o
                0x0000871c                vListInitialiseItem
 .text.vListInsertEnd
                0x00008724       0x20 ./ra/aws/amazon-freertos/freertos_kernel/list.o
                0x00008724                vListInsertEnd
 .text.vListInsert
                0x00008744       0x30 ./ra/aws/amazon-freertos/freertos_kernel/list.o
                0x00008744                vListInsert
 .text.uxListRemove
                0x00008774       0x28 ./ra/aws/amazon-freertos/freertos_kernel/list.o
                0x00008774                uxListRemove
 .text.prvCopyDataToQueue
                0x0000879c       0x70 ./ra/aws/amazon-freertos/freertos_kernel/queue.o
 .text.prvUnlockQueue
                0x0000880c       0x8c ./ra/aws/amazon-freertos/freertos_kernel/queue.o
 .text.xQueueGenericReset
                0x00008898       0x90 ./ra/aws/amazon-freertos/freertos_kernel/queue.o
                0x00008898                xQueueGenericReset
 .text.xQueueGenericCreateStatic
                0x00008928       0xfc ./ra/aws/amazon-freertos/freertos_kernel/queue.o
                0x00008928                xQueueGenericCreateStatic
 .text.xQueueGenericCreate
                0x00008a24       0xa4 ./ra/aws/amazon-freertos/freertos_kernel/queue.o
                0x00008a24                xQueueGenericCreate
 .text.xQueueCreateCountingSemaphoreStatic
                0x00008ac8       0x4c ./ra/aws/amazon-freertos/freertos_kernel/queue.o
                0x00008ac8                xQueueCreateCountingSemaphoreStatic
 .text.xQueueGenericSend
                0x00008b14      0x184 ./ra/aws/amazon-freertos/freertos_kernel/queue.o
                0x00008b14                xQueueGenericSend
 .text.xQueueCreateMutexStatic
                0x00008c98       0x30 ./ra/aws/amazon-freertos/freertos_kernel/queue.o
                0x00008c98                xQueueCreateMutexStatic
 .text.xQueueGenericSendFromISR
                0x00008cc8       0xe0 ./ra/aws/amazon-freertos/freertos_kernel/queue.o
                0x00008cc8                xQueueGenericSendFromISR
 .text.xQueueGiveFromISR
                0x00008da8       0xbc ./ra/aws/amazon-freertos/freertos_kernel/queue.o
                0x00008da8                xQueueGiveFromISR
 .text.xQueueReceive
                0x00008e64      0x174 ./ra/aws/amazon-freertos/freertos_kernel/queue.o
                0x00008e64                xQueueReceive
 .text.xQueueSemaphoreTake
                0x00008fd8      0x1c8 ./ra/aws/amazon-freertos/freertos_kernel/queue.o
                0x00008fd8                xQueueSemaphoreTake
 .text.vQueueDelete
                0x000091a0       0x54 ./ra/aws/amazon-freertos/freertos_kernel/queue.o
                0x000091a0                vQueueDelete
 .text.vQueueAddToRegistry
                0x000091f4       0x2c ./ra/aws/amazon-freertos/freertos_kernel/queue.o
                0x000091f4                vQueueAddToRegistry
 .text.vQueueWaitForMessageRestricted
                0x00009220       0x50 ./ra/aws/amazon-freertos/freertos_kernel/queue.o
                0x00009220                vQueueWaitForMessageRestricted
 .text.prvAddNewTaskToReadyList
                0x00009270      0x110 ./ra/aws/amazon-freertos/freertos_kernel/tasks.o
 .text.prvAddCurrentTaskToDelayedList
                0x00009380       0x74 ./ra/aws/amazon-freertos/freertos_kernel/tasks.o
 .text.prvInitialiseNewTask.constprop.0
                0x000093f4       0xb4 ./ra/aws/amazon-freertos/freertos_kernel/tasks.o
 .text.prvIdleTask
                0x000094a8       0xa8 ./ra/aws/amazon-freertos/freertos_kernel/tasks.o
 .text.xTaskIncrementTick.part.0
                0x00009550      0x124 ./ra/aws/amazon-freertos/freertos_kernel/tasks.o
 .text.xTaskCreateStatic
                0x00009674       0x90 ./ra/aws/amazon-freertos/freertos_kernel/tasks.o
                0x00009674                xTaskCreateStatic
 .text.xTaskCreate
                0x00009704       0x64 ./ra/aws/amazon-freertos/freertos_kernel/tasks.o
                0x00009704                xTaskCreate
 .text.vTaskDelete
                0x00009768      0x10c ./ra/aws/amazon-freertos/freertos_kernel/tasks.o
                0x00009768                vTaskDelete
 .text.vTaskStartScheduler
                0x00009874       0x8c ./ra/aws/amazon-freertos/freertos_kernel/tasks.o
                0x00009874                vTaskStartScheduler
 .text.vTaskSuspendAll
                0x00009900       0x10 ./ra/aws/amazon-freertos/freertos_kernel/tasks.o
                0x00009900                vTaskSuspendAll
 .text.xTaskResumeAll
                0x00009910      0x138 ./ra/aws/amazon-freertos/freertos_kernel/tasks.o
                0x00009910                xTaskResumeAll
 .text.vTaskDelay
                0x00009a48       0x50 ./ra/aws/amazon-freertos/freertos_kernel/tasks.o
                0x00009a48                vTaskDelay
 .text.xTaskGetTickCount
                0x00009a98        0xc ./ra/aws/amazon-freertos/freertos_kernel/tasks.o
                0x00009a98                xTaskGetTickCount
 .text.xTaskIncrementTick
                0x00009aa4       0x20 ./ra/aws/amazon-freertos/freertos_kernel/tasks.o
                0x00009aa4                xTaskIncrementTick
 .text.vTaskSwitchContext
                0x00009ac4       0x84 ./ra/aws/amazon-freertos/freertos_kernel/tasks.o
                0x00009ac4                vTaskSwitchContext
 .text.vTaskPlaceOnEventList
                0x00009b48       0x38 ./ra/aws/amazon-freertos/freertos_kernel/tasks.o
                0x00009b48                vTaskPlaceOnEventList
 .text.vTaskPlaceOnUnorderedEventList
                0x00009b80       0x58 ./ra/aws/amazon-freertos/freertos_kernel/tasks.o
                0x00009b80                vTaskPlaceOnUnorderedEventList
 .text.vTaskPlaceOnEventListRestricted
                0x00009bd8       0x44 ./ra/aws/amazon-freertos/freertos_kernel/tasks.o
                0x00009bd8                vTaskPlaceOnEventListRestricted
 .text.xTaskRemoveFromEventList
                0x00009c1c       0x94 ./ra/aws/amazon-freertos/freertos_kernel/tasks.o
                0x00009c1c                xTaskRemoveFromEventList
 .text.vTaskRemoveFromUnorderedEventList
                0x00009cb0       0x88 ./ra/aws/amazon-freertos/freertos_kernel/tasks.o
                0x00009cb0                vTaskRemoveFromUnorderedEventList
 .text.vTaskInternalSetTimeOutState
                0x00009d38       0x18 ./ra/aws/amazon-freertos/freertos_kernel/tasks.o
                0x00009d38                vTaskInternalSetTimeOutState
 .text.xTaskCheckForTimeOut
                0x00009d50       0x88 ./ra/aws/amazon-freertos/freertos_kernel/tasks.o
                0x00009d50                xTaskCheckForTimeOut
 .text.vTaskMissedYield
                0x00009dd8        0xc ./ra/aws/amazon-freertos/freertos_kernel/tasks.o
                0x00009dd8                vTaskMissedYield
 .text.xTaskGetCurrentTaskHandle
                0x00009de4        0xc ./ra/aws/amazon-freertos/freertos_kernel/tasks.o
                0x00009de4                xTaskGetCurrentTaskHandle
 .text.xTaskGetSchedulerState
                0x00009df0       0x20 ./ra/aws/amazon-freertos/freertos_kernel/tasks.o
                0x00009df0                xTaskGetSchedulerState
 .text.xTaskPriorityInherit
                0x00009e10       0x8c ./ra/aws/amazon-freertos/freertos_kernel/tasks.o
                0x00009e10                xTaskPriorityInherit
 .text.xTaskPriorityDisinherit
                0x00009e9c       0x90 ./ra/aws/amazon-freertos/freertos_kernel/tasks.o
                0x00009e9c                xTaskPriorityDisinherit
 .text.vTaskPriorityDisinheritAfterTimeout
                0x00009f2c       0xa4 ./ra/aws/amazon-freertos/freertos_kernel/tasks.o
                0x00009f2c                vTaskPriorityDisinheritAfterTimeout
 .text.uxTaskResetEventItemValue
                0x00009fd0       0x18 ./ra/aws/amazon-freertos/freertos_kernel/tasks.o
                0x00009fd0                uxTaskResetEventItemValue
 .text.pvTaskIncrementMutexHeldCount
                0x00009fe8       0x18 ./ra/aws/amazon-freertos/freertos_kernel/tasks.o
                0x00009fe8                pvTaskIncrementMutexHeldCount
 .text.prvCheckForValidListAndQueue
                0x0000a000       0x6c ./ra/aws/amazon-freertos/freertos_kernel/timers.o
 .text.xTimerCreateTimerTask
                0x0000a06c       0x68 ./ra/aws/amazon-freertos/freertos_kernel/timers.o
                0x0000a06c                xTimerCreateTimerTask
 .text.xTimerGenericCommand
                0x0000a0d4       0x7c ./ra/aws/amazon-freertos/freertos_kernel/timers.o
                0x0000a0d4                xTimerGenericCommand
 .text.prvSwitchTimerLists
                0x0000a150       0x88 ./ra/aws/amazon-freertos/freertos_kernel/timers.o
 .text.prvTimerTask
                0x0000a1d8      0x270 ./ra/aws/amazon-freertos/freertos_kernel/timers.o
 .text.xTimerPendFunctionCallFromISR
                0x0000a448       0x30 ./ra/aws/amazon-freertos/freertos_kernel/timers.o
                0x0000a448                xTimerPendFunctionCallFromISR
 .text          0x0000a478      0x378 c:/program files (x86)/gnu arm embedded toolchain/10 2021.10/bin/../lib/gcc/arm-none-eabi/10.3.1/thumb/v8-m.main+fp/hard\libgcc.a(_arm_addsubdf3.o)
                0x0000a478                __aeabi_drsub
                0x0000a480                __aeabi_dsub
                0x0000a480                __subdf3
                0x0000a484                __aeabi_dadd
                0x0000a484                __adddf3
                0x0000a6fc                __floatunsidf
                0x0000a6fc                __aeabi_ui2d
                0x0000a71c                __floatsidf
                0x0000a71c                __aeabi_i2d
                0x0000a740                __aeabi_f2d
                0x0000a740                __extendsfdf2
                0x0000a784                __floatundidf
                0x0000a784                __aeabi_ul2d
                0x0000a794                __floatdidf
                0x0000a794                __aeabi_l2d
 .text          0x0000a7f0      0x424 c:/program files (x86)/gnu arm embedded toolchain/10 2021.10/bin/../lib/gcc/arm-none-eabi/10.3.1/thumb/v8-m.main+fp/hard\libgcc.a(_arm_muldivdf3.o)
                0x0000a7f0                __aeabi_dmul
                0x0000a7f0                __muldf3
                0x0000aa44                __divdf3
                0x0000aa44                __aeabi_ddiv
 .text          0x0000ac14       0xa0 c:/program files (x86)/gnu arm embedded toolchain/10 2021.10/bin/../lib/gcc/arm-none-eabi/10.3.1/thumb/v8-m.main+fp/hard\libgcc.a(_arm_truncdfsf2.o)
                0x0000ac14                __truncdfsf2
                0x0000ac14                __aeabi_d2f
 .text.__errno  0x0000acb4        0xc c:/program files (x86)/gnu arm embedded toolchain/10 2021.10/bin/../lib/gcc/arm-none-eabi/10.3.1/../../../../arm-none-eabi/lib/thumb/v8-m.main+fp/hard\libg_nano.a(lib_a-errno.o)
                0x0000acb4                __errno
 .text.memcpy   0x0000acc0       0x1a c:/program files (x86)/gnu arm embedded toolchain/10 2021.10/bin/../lib/gcc/arm-none-eabi/10.3.1/../../../../arm-none-eabi/lib/thumb/v8-m.main+fp/hard\libg_nano.a(lib_a-memcpy-stub.o)
                0x0000acc0                memcpy
 .text.memset   0x0000acda       0x10 c:/program files (x86)/gnu arm embedded toolchain/10 2021.10/bin/../lib/gcc/arm-none-eabi/10.3.1/../../../../arm-none-eabi/lib/thumb/v8-m.main+fp/hard\libg_nano.a(lib_a-memset.o)
                0x0000acda                memset
 *fill*         0x0000acea        0x2 ff
 .text.snprintf
                0x0000acec       0x68 c:/program files (x86)/gnu arm embedded toolchain/10 2021.10/bin/../lib/gcc/arm-none-eabi/10.3.1/../../../../arm-none-eabi/lib/thumb/v8-m.main+fp/hard\libg_nano.a(lib_a-snprintf.o)
                0x0000acec                sniprintf
                0x0000acec                snprintf
 .text          0x0000ad54       0x10 c:/program files (x86)/gnu arm embedded toolchain/10 2021.10/bin/../lib/gcc/arm-none-eabi/10.3.1/../../../../arm-none-eabi/lib/thumb/v8-m.main+fp/hard\libg_nano.a(lib_a-strlen.o)
                0x0000ad54                strlen
 .text._vsnprintf_r
                0x0000ad64       0x56 c:/program files (x86)/gnu arm embedded toolchain/10 2021.10/bin/../lib/gcc/arm-none-eabi/10.3.1/../../../../arm-none-eabi/lib/thumb/v8-m.main+fp/hard\libg_nano.a(lib_a-vsnprintf.o)
                0x0000ad64                _vsniprintf_r
                0x0000ad64                _vsnprintf_r
 *fill*         0x0000adba        0x2 ff
 .text.vsnprintf
                0x0000adbc       0x1c c:/program files (x86)/gnu arm embedded toolchain/10 2021.10/bin/../lib/gcc/arm-none-eabi/10.3.1/../../../../arm-none-eabi/lib/thumb/v8-m.main+fp/hard\libg_nano.a(lib_a-vsnprintf.o)
                0x0000adbc                vsniprintf
                0x0000adbc                vsnprintf
 .text.__ssputs_r
                0x0000add8       0xb6 c:/program files (x86)/gnu arm embedded toolchain/10 2021.10/bin/../lib/gcc/arm-none-eabi/10.3.1/../../../../arm-none-eabi/lib/thumb/v8-m.main+fp/hard\libg_nano.a(lib_a-nano-svfprintf.o)
                0x0000add8                __ssputs_r
 *fill*         0x0000ae8e        0x2 ff
 .text._svfprintf_r
                0x0000ae90      0x200 c:/program files (x86)/gnu arm embedded toolchain/10 2021.10/bin/../lib/gcc/arm-none-eabi/10.3.1/../../../../arm-none-eabi/lib/thumb/v8-m.main+fp/hard\libg_nano.a(lib_a-nano-svfprintf.o)
                0x0000ae90                _svfiprintf_r
                0x0000ae90                _svfprintf_r
 .text._printf_common
                0x0000b090       0xe0 c:/program files (x86)/gnu arm embedded toolchain/10 2021.10/bin/../lib/gcc/arm-none-eabi/10.3.1/../../../../arm-none-eabi/lib/thumb/v8-m.main+fp/hard\libg_nano.a(lib_a-nano-vfprintf_i.o)
                0x0000b090                _printf_common
 .text._printf_i
                0x0000b170      0x24c c:/program files (x86)/gnu arm embedded toolchain/10 2021.10/bin/../lib/gcc/arm-none-eabi/10.3.1/../../../../arm-none-eabi/lib/thumb/v8-m.main+fp/hard\libg_nano.a(lib_a-nano-vfprintf_i.o)
                0x0000b170                _printf_i
 .text.memchr   0x0000b3bc       0x1c c:/program files (x86)/gnu arm embedded toolchain/10 2021.10/bin/../lib/gcc/arm-none-eabi/10.3.1/../../../../arm-none-eabi/lib/thumb/v8-m.main+fp/hard\libg_nano.a(lib_a-memchr-stub.o)
                0x0000b3bc                memchr
 .text.memmove  0x0000b3d8       0x34 c:/program files (x86)/gnu arm embedded toolchain/10 2021.10/bin/../lib/gcc/arm-none-eabi/10.3.1/../../../../arm-none-eabi/lib/thumb/v8-m.main+fp/hard\libg_nano.a(lib_a-memmove.o)
                0x0000b3d8                memmove
 .text._free_r  0x0000b40c       0x98 c:/program files (x86)/gnu arm embedded toolchain/10 2021.10/bin/../lib/gcc/arm-none-eabi/10.3.1/../../../../arm-none-eabi/lib/thumb/v8-m.main+fp/hard\libg_nano.a(lib_a-nano-freer.o)
                0x0000b40c                _free_r
 .text.sbrk_aligned